Archive member included to satisfy reference by file (symbol)

c:/program files (x86)/gnu arm embedded toolchain/10 2021.10/bin/../lib/gcc/arm-none-eabi/10.3.1/../../../../arm-none-eabi/lib/thumb/v7e-m+fp/hard\libc_nano.a(lib_a-sprintf.o)
                              ./Debug/regulator.c.o (sprintf)
c:/program files (x86)/gnu arm embedded toolchain/10 2021.10/bin/../lib/gcc/arm-none-eabi/10.3.1/../../../../arm-none-eabi/lib/thumb/v7e-m+fp/hard\libc_nano.a(lib_a-impure.o)
                              c:/program files (x86)/gnu arm embedded toolchain/10 2021.10/bin/../lib/gcc/arm-none-eabi/10.3.1/../../../../arm-none-eabi/lib/thumb/v7e-m+fp/hard\libc_nano.a(lib_a-sprintf.o) (_impure_ptr)
c:/program files (x86)/gnu arm embedded toolchain/10 2021.10/bin/../lib/gcc/arm-none-eabi/10.3.1/../../../../arm-none-eabi/lib/thumb/v7e-m+fp/hard\libc_nano.a(lib_a-nano-svfprintf.o)
                              c:/program files (x86)/gnu arm embedded toolchain/10 2021.10/bin/../lib/gcc/arm-none-eabi/10.3.1/../../../../arm-none-eabi/lib/thumb/v7e-m+fp/hard\libc_nano.a(lib_a-sprintf.o) (_svfprintf_r)
c:/program files (x86)/gnu arm embedded toolchain/10 2021.10/bin/../lib/gcc/arm-none-eabi/10.3.1/../../../../arm-none-eabi/lib/thumb/v7e-m+fp/hard\libc_nano.a(lib_a-nano-vfprintf_i.o)
                              c:/program files (x86)/gnu arm embedded toolchain/10 2021.10/bin/../lib/gcc/arm-none-eabi/10.3.1/../../../../arm-none-eabi/lib/thumb/v7e-m+fp/hard\libc_nano.a(lib_a-nano-svfprintf.o) (_printf_i)
c:/program files (x86)/gnu arm embedded toolchain/10 2021.10/bin/../lib/gcc/arm-none-eabi/10.3.1/../../../../arm-none-eabi/lib/thumb/v7e-m+fp/hard\libc_nano.a(lib_a-memchr.o)
                              c:/program files (x86)/gnu arm embedded toolchain/10 2021.10/bin/../lib/gcc/arm-none-eabi/10.3.1/../../../../arm-none-eabi/lib/thumb/v7e-m+fp/hard\libc_nano.a(lib_a-nano-svfprintf.o) (memchr)
c:/program files (x86)/gnu arm embedded toolchain/10 2021.10/bin/../lib/gcc/arm-none-eabi/10.3.1/../../../../arm-none-eabi/lib/thumb/v7e-m+fp/hard\libc_nano.a(lib_a-memcpy-stub.o)
                              c:/program files (x86)/gnu arm embedded toolchain/10 2021.10/bin/../lib/gcc/arm-none-eabi/10.3.1/../../../../arm-none-eabi/lib/thumb/v7e-m+fp/hard\libc_nano.a(lib_a-nano-svfprintf.o) (memcpy)
c:/program files (x86)/gnu arm embedded toolchain/10 2021.10/bin/../lib/gcc/arm-none-eabi/10.3.1/../../../../arm-none-eabi/lib/thumb/v7e-m+fp/hard\libc_nano.a(lib_a-memmove.o)
                              c:/program files (x86)/gnu arm embedded toolchain/10 2021.10/bin/../lib/gcc/arm-none-eabi/10.3.1/../../../../arm-none-eabi/lib/thumb/v7e-m+fp/hard\libc_nano.a(lib_a-nano-svfprintf.o) (memmove)
c:/program files (x86)/gnu arm embedded toolchain/10 2021.10/bin/../lib/gcc/arm-none-eabi/10.3.1/../../../../arm-none-eabi/lib/thumb/v7e-m+fp/hard\libc_nano.a(lib_a-nano-freer.o)
                              c:/program files (x86)/gnu arm embedded toolchain/10 2021.10/bin/../lib/gcc/arm-none-eabi/10.3.1/../../../../arm-none-eabi/lib/thumb/v7e-m+fp/hard\libc_nano.a(lib_a-nano-svfprintf.o) (_free_r)
c:/program files (x86)/gnu arm embedded toolchain/10 2021.10/bin/../lib/gcc/arm-none-eabi/10.3.1/../../../../arm-none-eabi/lib/thumb/v7e-m+fp/hard\libc_nano.a(lib_a-nano-mallocr.o)
                              c:/program files (x86)/gnu arm embedded toolchain/10 2021.10/bin/../lib/gcc/arm-none-eabi/10.3.1/../../../../arm-none-eabi/lib/thumb/v7e-m+fp/hard\libc_nano.a(lib_a-nano-svfprintf.o) (_malloc_r)
c:/program files (x86)/gnu arm embedded toolchain/10 2021.10/bin/../lib/gcc/arm-none-eabi/10.3.1/../../../../arm-none-eabi/lib/thumb/v7e-m+fp/hard\libc_nano.a(lib_a-nano-reallocr.o)
                              c:/program files (x86)/gnu arm embedded toolchain/10 2021.10/bin/../lib/gcc/arm-none-eabi/10.3.1/../../../../arm-none-eabi/lib/thumb/v7e-m+fp/hard\libc_nano.a(lib_a-nano-svfprintf.o) (_realloc_r)
c:/program files (x86)/gnu arm embedded toolchain/10 2021.10/bin/../lib/gcc/arm-none-eabi/10.3.1/../../../../arm-none-eabi/lib/thumb/v7e-m+fp/hard\libc_nano.a(lib_a-sbrkr.o)
                              c:/program files (x86)/gnu arm embedded toolchain/10 2021.10/bin/../lib/gcc/arm-none-eabi/10.3.1/../../../../arm-none-eabi/lib/thumb/v7e-m+fp/hard\libc_nano.a(lib_a-nano-mallocr.o) (_sbrk_r)
c:/program files (x86)/gnu arm embedded toolchain/10 2021.10/bin/../lib/gcc/arm-none-eabi/10.3.1/../../../../arm-none-eabi/lib/thumb/v7e-m+fp/hard\libc_nano.a(lib_a-mlock.o)
                              c:/program files (x86)/gnu arm embedded toolchain/10 2021.10/bin/../lib/gcc/arm-none-eabi/10.3.1/../../../../arm-none-eabi/lib/thumb/v7e-m+fp/hard\libc_nano.a(lib_a-nano-freer.o) (__malloc_lock)
c:/program files (x86)/gnu arm embedded toolchain/10 2021.10/bin/../lib/gcc/arm-none-eabi/10.3.1/../../../../arm-none-eabi/lib/thumb/v7e-m+fp/hard\libc_nano.a(lib_a-nano-msizer.o)
[...]
Memory Configuration

Name             Origin             Length             Attributes
RAM              0x20000000         0x0001c000         xrw
*default*        0x00000000         0xffffffff

Linker script and memory map

LOAD ./Debug/driver_src_stm32f4xx_rcc.c.o
LOAD ./Debug/dispatch.s.o
LOAD ./Debug/startup.c.o
LOAD ./Debug/TinyTimber.c.o
LOAD ./Debug/driver_src_stm32f4xx_syscfg.c.o
LOAD ./Debug/regulator.c.o
LOAD ./Debug/reg_app.c.o
LOAD ./Debug/canTinyTimber.c.o
LOAD ./Debug/driver_src_stm32f4xx_dac.c.o
LOAD ./Debug/driver_src_stm32f4xx_gpio.c.o
LOAD ./Debug/sciTinyTimber.c.o
LOAD ./Debug/driver_src_stm32f4xx_usart.c.o
LOAD ./Debug/driver_src_stm32f4xx_can.c.o
LOAD ./Debug/driver_src_stm32f4xx_tim.c.o
LOAD ./Debug/driver_src_stm32f4xx_exti.c.o
LOAD c:/program files (x86)/gnu arm embedded toolchain/10 2021.10/bin/../lib/gcc/arm-none-eabi/10.3.1/../../../../arm-none-eabi/lib/thumb/v7e-m+fp/hard\libstdc++_nano.a
LOAD c:/program files (x86)/gnu arm embedded toolchain/10 2021.10/bin/../lib/gcc/arm-none-eabi/10.3.1/../../../../arm-none-eabi/lib/thumb/v7e-m+fp/hard\libm.a
START GROUP
LOAD c:/program files (x86)/gnu arm embedded toolchain/10 2021.10/bin/../lib/gcc/arm-none-eabi/10.3.1/thumb/v7e-m+fp/hard\libgcc.a
LOAD c:/program files (x86)/gnu arm embedded toolchain/10 2021.10/bin/../lib/gcc/arm-none-eabi/10.3.1/../../../../arm-none-eabi/lib/thumb/v7e-m+fp/hard\libc_nano.a
END GROUP
START GROUP
LOAD c:/program files (x86)/gnu arm embedded toolchain/10 2021.10/bin/../lib/gcc/arm-none-eabi/10.3.1/thumb/v7e-m+fp/hard\libgcc.a
LOAD c:/program files (x86)/gnu arm embedded toolchain/10 2021.10/bin/../lib/gcc/arm-none-eabi/10.3.1/../../../../arm-none-eabi/lib/thumb/v7e-m+fp/hard\libc_nano.a
END GROUP

.text           0x20000000     0x7e14
                0x20000000                . = ALIGN (0x4)
 *(.start_section)
 .start_section
                0x20000000       0x1c ./Debug/startup.c.o
                0x20000000                startup
 *(.text)
 .text          0x2000001c      0xcb0 ./Debug/driver_src_stm32f4xx_rcc.c.o
                0x2000001c                RCC_DeInit
                0x2000008c                RCC_HSEConfig
                0x200000b4                RCC_WaitForHSEStartUp
                0x20000104                RCC_AdjustHSICalibrationValue
                0x20000140                RCC_HSICmd
                0x20000160                RCC_LSEConfig
                0x200001a4                RCC_LSICmd
                0x200001c4                RCC_PLLConfig
                0x20000204                RCC_PLLCmd
                0x20000224                RCC_PLLI2SConfig
                0x20000250                RCC_PLLI2SCmd
                0x20000270                RCC_PLLSAIConfig
                0x200002a4                RCC_PLLSAICmd
                0x200002c4                RCC_ClockSecuritySystemCmd
                0x200002e4                RCC_MCO1Config
                0x20000324                RCC_MCO2Config
                0x20000364                RCC_SYSCLKConfig
                0x2000039c                RCC_GetSYSCLKSource
                0x200003bc                RCC_HCLKConfig
                0x200003f4                RCC_PCLK1Config
                0x2000042c                RCC_PCLK2Config
                0x20000468                RCC_GetClocksFreq
                0x200005c4                RCC_RTCCLKConfig
                0x20000620                RCC_RTCCLKCmd
                0x20000640                RCC_BackupResetCmd
                0x20000660                RCC_I2SCLKConfig
                0x20000680                RCC_SAIPLLI2SClkDivConfig
                0x200006c0                RCC_SAIPLLSAIClkDivConfig
                0x20000700                RCC_SAIBlockACLKConfig
                0x2000073c                RCC_SAIBlockBCLKConfig
                0x20000778                RCC_LTDCCLKDivConfig
                0x200007b4                RCC_TIMCLKPresConfig
                0x200007d4                RCC_AHB1PeriphClockCmd
                0x20000814                RCC_AHB2PeriphClockCmd
                0x20000854                RCC_AHB3PeriphClockCmd
                0x20000894                RCC_APB1PeriphClockCmd
                0x200008d4                RCC_APB2PeriphClockCmd
                0x20000914                RCC_AHB1PeriphResetCmd
                0x20000954                RCC_AHB2PeriphResetCmd
                0x20000994                RCC_AHB3PeriphResetCmd
                0x200009d4                RCC_APB1PeriphResetCmd
                0x20000a14                RCC_APB2PeriphResetCmd
                0x20000a54                RCC_AHB1PeriphClockLPModeCmd
                0x20000a94                RCC_AHB2PeriphClockLPModeCmd
                0x20000ad4                RCC_AHB3PeriphClockLPModeCmd
                0x20000b14                RCC_APB1PeriphClockLPModeCmd
                0x20000b54                RCC_APB2PeriphClockLPModeCmd
                0x20000b94                RCC_ITConfig
                0x20000be0                RCC_GetFlagStatus
                0x20000c54                RCC_ClearFlag
                0x20000c74                RCC_GetITStatus
                0x20000cac                RCC_ClearITPendingBit
 .text          0x20000ccc       0xf4 ./Debug/dispatch.s.o
                0x20000ccc                vect_SVCall
                0x20000cd0                vect_PendSV
 .text          0x20000dc0      0x32c ./Debug/startup.c.o
 .text          0x200010ec      0xf54 ./Debug/TinyTimber.c.o
                0x20001174                DUMP
                0x200011ae                DUMPH
                0x2000120c                DUMPD
                0x200012b0                sei
                0x200012ce                cli
                0x200012ec                _sbrk
                0x20001330                SETSTACK
                0x20001398                SETPC
                0x200013bc                TIMER_INIT
                0x20001454                DUMPC
                0x20001488                vect_USART1
                0x200014f0                vect_CAN1
                0x20001558                vect_EXTI9_5
                0x200015c0                enqueueByDeadline
                0x20001618                enqueueByBaseline
                0x20001670                dequeue
                0x200016c0                dequeue_pool
                0x20001710                insert
                0x20001734                push
                0x20001758                pop
                0x200017da                vect_TIM5
                0x2000186c                __svc_dispatch
                0x2000187c                __pendSV_dispatch
                0x200019ec                async
                0x20001b28                sync
                0x20001c34                ABORT
                0x20001ce8                T_RESET
                0x20001d24                T_SAMPLE
                0x20001d64                CURRENT_OFFSET
                0x20001f10                install
                0x20001fdc                tinytimber
 .text          0x20002040      0x154 ./Debug/driver_src_stm32f4xx_syscfg.c.o
                0x20002040                SYSCFG_DeInit
                0x2000205c                SYSCFG_MemoryRemapConfig
                0x2000207c                SYSCFG_MemorySwappingBank
                0x2000209c                SYSCFG_EXTILineConfig
                0x20002120                SYSCFG_ETH_MediaInterfaceConfig
                0x20002140                SYSCFG_CompensationCellCmd
                0x20002160                SYSCFG_GetCompensationCellStatus
 .text          0x20002194      0x2a8 ./Debug/regulator.c.o
                0x20002194                reg_can_receive
                0x200022ec                __reg_followup
                0x20002410                reg_debug_toggle
 .text          0x2000243c      0x1f4 ./Debug/reg_app.c.o
                0x2000243c                receiver
                0x20002478                reader
                0x20002550                __burst
                0x200025b8                startApp
                0x200025f0                main
 .text          0x20002630      0x444 ./Debug/canTinyTimber.c.o
                0x200026b8                can_init
                0x20002778                can_interrupt
                0x20002900                can_receive
                0x200029ca                can_send
 .text          0x20002a74      0x450 ./Debug/driver_src_stm32f4xx_dac.c.o
                0x20002a74                DAC_DeInit
                0x20002a90                DAC_Init
                0x20002af8                DAC_StructInit
                0x20002b24                DAC_Cmd
                0x20002b70                DAC_SoftwareTriggerCmd
                0x20002bc0                DAC_DualSoftwareTriggerCmd
                0x20002bfc                DAC_WaveGenerationCmd
                0x20002c48                DAC_SetChannel1Data
                0x20002c80                DAC_SetChannel2Data
                0x20002cb8                DAC_SetDualChannelData
                0x20002d10                DAC_GetDataOutputValue
                0x20002d44                DAC_DMACmd
                0x20002d94                DAC_ITConfig
                0x20002de0                DAC_GetFlagStatus
                0x20002e1c                DAC_ClearFlag
                0x20002e44                DAC_GetITStatus
                0x20002e9c                DAC_ClearITPendingBit
 .text          0x20002ec4      0x4d8 ./Debug/driver_src_stm32f4xx_gpio.c.o
                0x20002ec4                GPIO_DeInit
                0x20003028                GPIO_Init
                0x20003146                GPIO_StructInit
                0x2000317a                GPIO_PinLockConfig
                0x200031be                GPIO_ReadInputDataBit
                0x200031f2                GPIO_ReadInputData
                0x2000320c                GPIO_ReadOutputDataBit
                0x20003240                GPIO_ReadOutputData
                0x2000325a                GPIO_SetBits
                0x20003278                GPIO_ResetBits
                0x20003296                GPIO_WriteBit
                0x200032c6                GPIO_Write
                0x200032e4                GPIO_ToggleBits
                0x20003308                GPIO_PinAFConfig
 .text          0x2000339c      0x294 ./Debug/sciTinyTimber.c.o
                0x20003424                sci_init
                0x200034ca                sci_write
                0x20003520                sci_writechar
                0x20003556                sci_interrupt
 .text          0x20003630      0x970 ./Debug/driver_src_stm32f4xx_usart.c.o
                0x20003630                USART_DeInit
                0x20003748                USART_Init
                0x200038bc                USART_StructInit
                0x200038f6                USART_ClockInit
                0x2000394c                USART_ClockStructInit
                0x20003978                USART_Cmd
                0x200039b8                USART_SetPrescaler
                0x200039f2                USART_OverSampling8Cmd
                0x20003a36                USART_OneBitMethodCmd
                0x20003a76                USART_SendData
                0x20003a9a                USART_ReceiveData
                0x20003aba                USART_SetAddress
                0x20003af4                USART_ReceiverWakeUpCmd
                0x20003b34                USART_WakeUpConfig
                0x20003b6c                USART_LINBreakDetectLengthConfig
                0x20003ba4                USART_LINCmd
                0x20003be4                USART_SendBreak
                0x20003c08                USART_HalfDuplexCmd
                0x20003c48                USART_SetGuardTime
                0x20003c84                USART_SmartCardCmd
                0x20003cc4                USART_SmartCardNACKCmd
                0x20003d04                USART_IrDAConfig
                0x20003d3c                USART_IrDACmd
                0x20003d7c                USART_DMACmd
                0x20003dc4                USART_ITConfig
                0x20003e54                USART_GetFlagStatus
                0x20003e8c                USART_ClearFlag
                0x20003eae                USART_GetITStatus
                0x20003f64                USART_ClearITPendingBit
 .text          0x20003fa0     0x11b4 ./Debug/driver_src_stm32f4xx_can.c.o
                0x20003fa0                CAN_DeInit
                0x20003fe8                CAN_Init
                0x2000418a                CAN_FilterInit
                0x20004310                CAN_StructInit
                0x20004366                CAN_SlaveStartBank
                0x200043c8                CAN_DBGFreeze
                0x20004400                CAN_TTComModeCmd
                0x20004498                CAN_Transmit
                0x2000463a                CAN_TransmitStatus
                0x20004740                CAN_CancelTransmit
                0x20004798                CAN_Receive
                0x20004914                CAN_FIFORelease
                0x2000494c                CAN_MessagePending
                0x20004996                CAN_OperatingModeRequest
                0x20004a92                CAN_Sleep
                0x20004acc                CAN_WakeUp
                0x20004b22                CAN_GetLastErrorCode
                0x20004b48                CAN_GetReceiveErrorCounter
                0x20004b6a                CAN_GetLSBTransmitErrorCounter
                0x20004b8c                CAN_ITConfig
                0x20004bc8                CAN_GetFlagStatus
                0x20004c96                CAN_ClearFlag
                0x20004d08                CAN_GetITStatus
                0x20004f6c                CAN_ClearITPendingBit
 .text          0x20005154     0x1c1c ./Debug/driver_src_stm32f4xx_tim.c.o
                0x20005154                TIM_DeInit
                0x20005314                TIM_TimeBaseInit
                0x200053ec                TIM_TimeBaseStructInit
                0x20005420                TIM_PrescalerConfig
                0x20005448                TIM_CounterModeConfig
                0x20005480                TIM_SetCounter
                0x2000549c                TIM_SetAutoreload
                0x200054b8                TIM_GetCounter
                0x200054d0                TIM_GetPrescaler
                0x200054ea                TIM_UpdateDisableConfig
                0x2000552a                TIM_UpdateRequestConfig
                0x2000556a                TIM_ARRPreloadConfig
                0x200055aa                TIM_SelectOnePulseMode
                0x200055e2                TIM_SetClockDivision
                0x2000561a                TIM_Cmd
                0x2000565a                TIM_OC1Init
                0x20005750                TIM_OC2Init
                0x20005860                TIM_OC3Init
                0x2000596c                TIM_OC4Init
                0x20005a3c                TIM_OCStructInit
                0x20005a80                TIM_SelectOCxM
                0x20005b36                TIM_SetCompare1
                0x20005b52                TIM_SetCompare2
                0x20005b6e                TIM_SetCompare3
                0x20005b8a                TIM_SetCompare4
                0x20005ba6                TIM_ForcedOC1Config
                0x20005bde                TIM_ForcedOC2Config
                0x20005c1a                TIM_ForcedOC3Config
                0x20005c52                TIM_ForcedOC4Config
                0x20005c8e                TIM_OC1PreloadConfig
                0x20005cc6                TIM_OC2PreloadConfig
                0x20005d02                TIM_OC3PreloadConfig
                0x20005d3a                TIM_OC4PreloadConfig
                0x20005d76                TIM_OC1FastConfig
                0x20005dae                TIM_OC2FastConfig
                0x20005dea                TIM_OC3FastConfig
                0x20005e22                TIM_OC4FastConfig
                0x20005e5e                TIM_ClearOC1Ref
                0x20005e96                TIM_ClearOC2Ref
                0x20005ed2                TIM_ClearOC3Ref
                0x20005f0a                TIM_ClearOC4Ref
                0x20005f46                TIM_OC1PolarityConfig
                0x20005f7e                TIM_OC1NPolarityConfig
                0x20005fb6                TIM_OC2PolarityConfig
                0x20005ff2                TIM_OC2NPolarityConfig
                0x2000602e                TIM_OC3PolarityConfig
                0x2000606a                TIM_OC3NPolarityConfig
                0x200060a6                TIM_OC4PolarityConfig
                0x200060e2                TIM_CCxCmd
                0x20006138                TIM_CCxNCmd
                0x2000618e                TIM_ICInit
                0x20006236                TIM_ICStructInit
                0x20006268                TIM_PWMIConfig
                0x20006320                TIM_GetCapture1
                0x20006338                TIM_GetCapture2
                0x20006350                TIM_GetCapture3
                0x20006368                TIM_GetCapture4
                0x20006380                TIM_SetIC1Prescaler
                0x200063b8                TIM_SetIC2Prescaler
                0x200063f4                TIM_SetIC3Prescaler
                0x2000642c                TIM_SetIC4Prescaler
                0x20006468                TIM_BDTRConfig
                0x200064b8                TIM_BDTRStructInit
                0x200064f6                TIM_CtrlPWMOutputs
                0x20006542                TIM_SelectCOM
                0x20006582                TIM_CCPreloadControl
                0x200065c2                TIM_ITConfig
                0x2000660a                TIM_GenerateEvent
                0x20006628                TIM_GetFlagStatus
                0x20006660                TIM_ClearFlag
                0x20006682                TIM_GetITStatus
                0x200066d6                TIM_ClearITPendingBit
                0x200066f8                TIM_DMAConfig
                0x20006722                TIM_DMACmd
                0x2000676a                TIM_SelectCCDMA
                0x200067aa                TIM_InternalClockConfig
                0x200067ce                TIM_ITRxExternalClockConfig
                0x200067fc                TIM_TIxExternalClockConfig
                0x20006858                TIM_ETRClockMode1Config
                0x200068b6                TIM_ETRClockMode2Config
                0x200068f4                TIM_SelectInputTrigger
                0x2000692c                TIM_SelectOutputTrigger
                0x20006964                TIM_SelectSlaveMode
                0x2000699c                TIM_SelectMasterSlaveMode
                0x200069d4                TIM_ETRConfig
                0x20006a28                TIM_EncoderInterfaceConfig
                0x20006ac0                TIM_SelectHallSensor
                0x20006b00                TIM_RemapConfig
 .text          0x20006d70      0x210 ./Debug/driver_src_stm32f4xx_exti.c.o
                0x20006d70                EXTI_DeInit
                0x20006da4                EXTI_Init
                0x20006e88                EXTI_StructInit
                0x20006eb4                EXTI_GenerateSWInterrupt
                0x20006ed8                EXTI_GetFlagStatus
                0x20006f0c                EXTI_ClearFlag
                0x20006f2c                EXTI_GetITStatus
                0x20006f60                EXTI_ClearITPendingBit
 .text          0x20006f80        0x0 c:/program files (x86)/gnu arm embedded toolchain/10 2021.10/bin/../lib/gcc/arm-none-eabi/10.3.1/../../../../arm-none-eabi/lib/thumb/v7e-m+fp/hard\libc_nano.a(lib_a-sprintf.o)
 .text          0x20006f80        0x0 c:/program files (x86)/gnu arm embedded toolchain/10 2021.10/bin/../lib/gcc/arm-none-eabi/10.3.1/../../../../arm-none-eabi/lib/thumb/v7e-m+fp/hard\libc_nano.a(lib_a-impure.o)
 .text          0x20006f80        0x0 c:/program files (x86)/gnu arm embedded toolchain/10 2021.10/bin/../lib/gcc/arm-none-eabi/10.3.1/../../../../arm-none-eabi/lib/thumb/v7e-m+fp/hard\libc_nano.a(lib_a-nano-svfprintf.o)
 .text          0x20006f80        0x0 c:/program files (x86)/gnu arm embedded toolchain/10 2021.10/bin/../lib/gcc/arm-none-eabi/10.3.1/../../../../arm-none-eabi/lib/thumb/v7e-m+fp/hard\libc_nano.a(lib_a-nano-vfprintf_i.o)
 .text          0x20006f80       0xa0 c:/program files (x86)/gnu arm embedded toolchain/10 2021.10/bin/../lib/gcc/arm-none-eabi/10.3.1/../../../../arm-none-eabi/lib/thumb/v7e-m+fp/hard\libc_nano.a(lib_a-memchr.o)
                0x20006f80                memchr
 .text          0x20007020        0x0 c:/program files (x86)/gnu arm embedded toolchain/10 2021.10/bin/../lib/gcc/arm-none-eabi/10.3.1/../../../../arm-none-eabi/lib/thumb/v7e-m+fp/hard\libc_nano.a(lib_a-memcpy-stub.o)
 .text          0x20007020        0x0 c:/program files (x86)/gnu arm embedded toolchain/10 2021.10/bin/../lib/gcc/arm-none-eabi/10.3.1/../../../../arm-none-eabi/lib/thumb/v7e-m+fp/hard\libc_nano.a(lib_a-memmove.o)
 .text          0x20007020        0x0 c:/program files (x86)/gnu arm embedded toolchain/10 2021.10/bin/../lib/gcc/arm-none-eabi/10.3.1/../../../../arm-none-eabi/lib/thumb/v7e-m+fp/hard\libc_nano.a(lib_a-nano-freer.o)
 .text          0x20007020        0x0 c:/program files (x86)/gnu arm embedded toolchain/10 2021.10/bin/../lib/gcc/arm-none-eabi/10.3.1/../../../../arm-none-eabi/lib/thumb/v7e-m+fp/hard\libc_nano.a(lib_a-nano-mallocr.o)
 .text          0x20007020        0x0 c:/program files (x86)/gnu arm embedded toolchain/10 2021.10/bin/../lib/gcc/arm-none-eabi/10.3.1/../../../../arm-none-eabi/lib/thumb/v7e-m+fp/hard\libc_nano.a(lib_a-nano-reallocr.o)
 .text          0x20007020        0x0 c:/program files (x86)/gnu arm embedded toolchain/10 2021.10/bin/../lib/gcc/arm-none-eabi/10.3.1/../../../../arm-none-eabi/lib/thumb/v7e-m+fp/hard\libc_nano.a(lib_a-sbrkr.o)
 .text          0x20007020        0x0 c:/program files (x86)/gnu arm embedded toolchain/10 2021.10/bin/../lib/gcc/arm-none-eabi/10.3.1/../../../../arm-none-eabi/lib/thumb/v7e-m+fp/hard\libc_nano.a(lib_a-mlock.o)
 .text          0x20007020        0x0 c:/program files (x86)/gnu arm embedded toolchain/10 2021.10/bin/../lib/gcc/arm-none-eabi/10.3.1/../../../../arm-none-eabi/lib/thumb/v7e-m+fp/hard\libc_nano.a(lib_a-nano-msizer.o)
 .text          0x20007020        0x0 c:/program files (x86)/gnu arm embedded toolchain/10 2021.10/bin/../lib/gcc/arm-none-eabi/10.3.1/../../../../arm-none-eabi/lib/thumb/v7e-m+fp/hard\libc_nano.a(lib_a-reent.o)
 .text          0x20007020        0x0 c:/program files (x86)/gnu arm embedded toolchain/10 2021.10/bin/../lib/gcc/arm-none-eabi/10.3.1/../../../../arm-none-eabi/lib/thumb/v7e-m+fp/hard\libc_nano.a(lib_a-lock.o)
 *(.text.*)
 .text._sprintf_r
                0x20007020       0x38 c:/program files (x86)/gnu arm embedded toolchain/10 2021.10/bin/../lib/gcc/arm-none-eabi/10.3.1/../../../../arm-none-eabi/lib/thumb/v7e-m+fp/hard\libc_nano.a(lib_a-sprintf.o)
                0x20007020                _sprintf_r
                0x20007020                _siprintf_r
 .text.sprintf  0x20007058       0x40 c:/program files (x86)/gnu arm embedded toolchain/10 2021.10/bin/../lib/gcc/arm-none-eabi/10.3.1/../../../../arm-none-eabi/lib/thumb/v7e-m+fp/hard\libc_nano.a(lib_a-sprintf.o)
                0x20007058                siprintf
                0x20007058                sprintf
 .text.__ssputs_r
                0x20007098       0xb6 c:/program files (x86)/gnu arm embedded toolchain/10 2021.10/bin/../lib/gcc/arm-none-eabi/10.3.1/../../../../arm-none-eabi/lib/thumb/v7e-m+fp/hard\libc_nano.a(lib_a-nano-svfprintf.o)
                0x20007098                __ssputs_r
 .text.__ssprint_r
                0x2000714e       0xf6 c:/program files (x86)/gnu arm embedded toolchain/10 2021.10/bin/../lib/gcc/arm-none-eabi/10.3.1/../../../../arm-none-eabi/lib/thumb/v7e-m+fp/hard\libc_nano.a(lib_a-nano-svfprintf.o)
                0x2000714e                __ssprint_r
 .text._svfprintf_r
                0x20007244      0x200 c:/program files (x86)/gnu arm embedded toolchain/10 2021.10/bin/../lib/gcc/arm-none-eabi/10.3.1/../../../../arm-none-eabi/lib/thumb/v7e-m+fp/hard\libc_nano.a(lib_a-nano-svfprintf.o)
                0x20007244                _svfiprintf_r
                0x20007244                _svfprintf_r
 .text._printf_common
                0x20007444       0xda c:/program files (x86)/gnu arm embedded toolchain/10 2021.10/bin/../lib/gcc/arm-none-eabi/10.3.1/../../../../arm-none-eabi/lib/thumb/v7e-m+fp/hard\libc_nano.a(lib_a-nano-vfprintf_i.o)
                0x20007444                _printf_common
 *fill*         0x2000751e        0x2 
 .text._printf_i
                0x20007520      0x24c c:/program files (x86)/gnu arm embedded toolchain/10 2021.10/bin/../lib/gcc/arm-none-eabi/10.3.1/../../../../arm-none-eabi/lib/thumb/v7e-m+fp/hard\libc_nano.a(lib_a-nano-vfprintf_i.o)
                0x20007520                _printf_i
 .text.memcpy   0x2000776c       0x1c c:/program files (x86)/gnu arm embedded toolchain/10 2021.10/bin/../lib/gcc/arm-none-eabi/10.3.1/../../../../arm-none-eabi/lib/thumb/v7e-m+fp/hard\libc_nano.a(lib_a-memcpy-stub.o)
                0x2000776c                memcpy
 .text.memmove  0x20007788       0x34 c:/program files (x86)/gnu arm embedded toolchain/10 2021.10/bin/../lib/gcc/arm-none-eabi/10.3.1/../../../../arm-none-eabi/lib/thumb/v7e-m+fp/hard\libc_nano.a(lib_a-memmove.o)
                0x20007788                memmove
 .text._free_r  0x200077bc       0x98 c:/program files (x86)/gnu arm embedded toolchain/10 2021.10/bin/../lib/gcc/arm-none-eabi/10.3.1/../../../../arm-none-eabi/lib/thumb/v7e-m+fp/hard\libc_nano.a(lib_a-nano-freer.o)
                0x200077bc                _free_r
 .text.sbrk_aligned
                0x20007854       0x40 c:/program files (x86)/gnu arm embedded toolchain/10 2021.10/bin/../lib/gcc/arm-none-eabi/10.3.1/../../../../arm-none-eabi/lib/thumb/v7e-m+fp/hard\libc_nano.a(lib_a-nano-mallocr.o)
 .text._malloc_r
                0x20007894       0xe8 c:/program files (x86)/gnu arm embedded toolchain/10 2021.10/bin/../lib/gcc/arm-none-eabi/10.3.1/../../../../arm-none-eabi/lib/thumb/v7e-m+fp/hard\libc_nano.a(lib_a-nano-mallocr.o)
                0x20007894                _malloc_r
 .text._realloc_r
                0x2000797c       0x5e c:/program files (x86)/gnu arm embedded toolchain/10 2021.10/bin/../lib/gcc/arm-none-eabi/10.3.1/../../../../arm-none-eabi/lib/thumb/v7e-m+fp/hard\libc_nano.a(lib_a-nano-reallocr.o)
                0x2000797c                _realloc_r
 *fill*         0x200079da        0x2 
 .text._sbrk_r  0x200079dc       0x20 c:/program files (x86)/gnu arm embedded toolchain/10 2021.10/bin/../lib/gcc/arm-none-eabi/10.3.1/../../../../arm-none-eabi/lib/thumb/v7e-m+fp/hard\libc_nano.a(lib_a-sbrkr.o)
                0x200079dc                _sbrk_r
 .text.__malloc_lock
                0x200079fc        0xc c:/program files (x86)/gnu arm embedded toolchain/10 2021.10/bin/../lib/gcc/arm-none-eabi/10.3.1/../../../../arm-none-eabi/lib/thumb/v7e-m+fp/hard\libc_nano.a(lib_a-mlock.o)
                0x200079fc                __malloc_lock
 .text.__malloc_unlock
                0x20007a08        0xc c:/program files (x86)/gnu arm embedded toolchain/10 2021.10/bin/../lib/gcc/arm-none-eabi/10.3.1/../../../../arm-none-eabi/lib/thumb/v7e-m+fp/hard\libc_nano.a(lib_a-mlock.o)
                0x20007a08                __malloc_unlock
 .text._malloc_usable_size_r
                0x20007a14       0x10 c:/program files (x86)/gnu arm embedded toolchain/10 2021.10/bin/../lib/gcc/arm-none-eabi/10.3.1/../../../../arm-none-eabi/lib/thumb/v7e-m+fp/hard\libc_nano.a(lib_a-nano-msizer.o)
                0x20007a14                _malloc_usable_size_r
 .text.cleanup_glue
                0x20007a24       0x1a c:/program files (x86)/gnu arm embedded toolchain/10 2021.10/bin/../lib/gcc/arm-none-eabi/10.3.1/../../../../arm-none-eabi/lib/thumb/v7e-m+fp/hard\libc_nano.a(lib_a-reent.o)
                0x20007a24                cleanup_glue
 *fill*         0x20007a3e        0x2 
 .text._reclaim_reent
                0x20007a40       0xb8 c:/program files (x86)/gnu arm embedded toolchain/10 2021.10/bin/../lib/gcc/arm-none-eabi/10.3.1/../../../../arm-none-eabi/lib/thumb/v7e-m+fp/hard\libc_nano.a(lib_a-reent.o)
                0x20007a40                _reclaim_reent
 .text.__retarget_lock_init
                0x20007af8        0x2 c:/program files (x86)/gnu arm embedded toolchain/10 2021.10/bin/../lib/gcc/arm-none-eabi/10.3.1/../../../../arm-none-eabi/lib/thumb/v7e-m+fp/hard\libc_nano.a(lib_a-lock.o)
                0x20007af8                __retarget_lock_init
 .text.__retarget_lock_init_recursive
                0x20007afa        0x2 c:/program files (x86)/gnu arm embedded toolchain/10 2021.10/bin/../lib/gcc/arm-none-eabi/10.3.1/../../../../arm-none-eabi/lib/thumb/v7e-m+fp/hard\libc_nano.a(lib_a-lock.o)
                0x20007afa                __retarget_lock_init_recursive
 .text.__retarget_lock_close
                0x20007afc        0x2 c:/program files (x86)/gnu arm embedded toolchain/10 2021.10/bin/../lib/gcc/arm-none-eabi/10.3.1/../../../../arm-none-eabi/lib/thumb/v7e-m+fp/hard\libc_nano.a(lib_a-lock.o)
                0x20007afc                __retarget_lock_close
 .text.__retarget_lock_close_recursive
                0x20007afe        0x2 c:/program files (x86)/gnu arm embedded toolchain/10 2021.10/bin/../lib/gcc/arm-none-eabi/10.3.1/../../../../arm-none-eabi/lib/thumb/v7e-m+fp/hard\libc_nano.a(lib_a-lock.o)
                0x20007afe                __retarget_lock_close_recursive
 .text.__retarget_lock_acquire
                0x20007b00        0x2 c:/program files (x86)/gnu arm embedded toolchain/10 2021.10/bin/../lib/gcc/arm-none-eabi/10.3.1/../../../../arm-none-eabi/lib/thumb/v7e-m+fp/hard\libc_nano.a(lib_a-lock.o)
                0x20007b00                __retarget_lock_acquire
 .text.__retarget_lock_acquire_recursive
                0x20007b02        0x2 c:/program files (x86)/gnu arm embedded toolchain/10 2021.10/bin/../lib/gcc/arm-none-eabi/10.3.1/../../../../arm-none-eabi/lib/thumb/v7e-m+fp/hard\libc_nano.a(lib_a-lock.o)
                0x20007b02                __retarget_lock_acquire_recursive
 .text.__retarget_lock_try_acquire
                0x20007b04        0x4 c:/program files (x86)/gnu arm embedded toolchain/10 2021.10/bin/../lib/gcc/arm-none-eabi/10.3.1/../../../../arm-none-eabi/lib/thumb/v7e-m+fp/hard\libc_nano.a(lib_a-lock.o)
                0x20007b04                __retarget_lock_try_acquire
 .text.__retarget_lock_try_acquire_recursive
                0x20007b08        0x4 c:/program files (x86)/gnu arm embedded toolchain/10 2021.10/bin/../lib/gcc/arm-none-eabi/10.3.1/../../../../arm-none-eabi/lib/thumb/v7e-m+fp/hard\libc_nano.a(lib_a-lock.o)
                0x20007b08                __retarget_lock_try_acquire_recursive
 .text.__retarget_lock_release
                0x20007b0c        0x2 c:/program files (x86)/gnu arm embedded toolchain/10 2021.10/bin/../lib/gcc/arm-none-eabi/10.3.1/../../../../arm-none-eabi/lib/thumb/v7e-m+fp/hard\libc_nano.a(lib_a-lock.o)
                0x20007b0c                __retarget_lock_release
 .text.__retarget_lock_release_recursive
                0x20007b0e        0x2 c:/program files (x86)/gnu arm embedded toolchain/10 2021.10/bin/../lib/gcc/arm-none-eabi/10.3.1/../../../../arm-none-eabi/lib/thumb/v7e-m+fp/hard\libc_nano.a(lib_a-lock.o)
                0x20007b0e                __retarget_lock_release_recursive
 *(.rodata)
 .rodata        0x20007b10       0x81 ./Debug/TinyTimber.c.o
 *fill*         0x20007b91        0x3 
 .rodata        0x20007b94      0x168 ./Debug/regulator.c.o
 .rodata        0x20007cfc       0x2a ./Debug/reg_app.c.o
 *fill*         0x20007d26        0x2 
 .rodata        0x20007d28       0xb2 ./Debug/canTinyTimber.c.o
 *(.rodata*)
 *fill*         0x20007dda        0x2 
 .rodata._global_impure_ptr
                0x20007ddc        0x4 c:/program files (x86)/gnu arm embedded toolchain/10 2021.10/bin/../lib/gcc/arm-none-eabi/10.3.1/../../../../arm-none-eabi/lib/thumb/v7e-m+fp/hard\libc_nano.a(lib_a-impure.o)
                0x20007ddc                _global_impure_ptr
 .rodata._svfprintf_r.str1.1
                0x20007de0       0x11 c:/program files (x86)/gnu arm embedded toolchain/10 2021.10/bin/../lib/gcc/arm-none-eabi/10.3.1/../../../../arm-none-eabi/lib/thumb/v7e-m+fp/hard\libc_nano.a(lib_a-nano-svfprintf.o)
 .rodata._printf_i.str1.1
                0x20007df1       0x22 c:/program files (x86)/gnu arm embedded toolchain/10 2021.10/bin/../lib/gcc/arm-none-eabi/10.3.1/../../../../arm-none-eabi/lib/thumb/v7e-m+fp/hard\libc_nano.a(lib_a-nano-vfprintf_i.o)
 *(.glue_7)
 .glue_7        0x20007e13        0x0 linker stubs
 *(.glue_7t)
 .glue_7t       0x20007e13        0x0 linker stubs
                0x20007e14                . = ALIGN (0x4)
 *fill*         0x20007e13        0x1 

.vfp11_veneer   0x20007e14        0x0
 .vfp11_veneer  0x20007e14        0x0 linker stubs

.v4_bx          0x20007e14        0x0
 .v4_bx         0x20007e14        0x0 linker stubs

.iplt           0x20007e14        0x0
 .iplt          0x20007e14        0x0 ./Debug/driver_src_stm32f4xx_rcc.c.o

.rel.dyn        0x20007e14        0x0
 .rel.iplt      0x20007e14        0x0 ./Debug/driver_src_stm32f4xx_rcc.c.o

.data           0x20007e14      0x5cc
                0x20007e14                . = ALIGN (0x4)
 *(.data)
 .data          0x20007e14       0x10 ./Debug/driver_src_stm32f4xx_rcc.c.o
 .data          0x20007e24       0x84 ./Debug/dispatch.s.o
 .data          0x20007ea8        0x0 ./Debug/startup.c.o
 .data          0x20007ea8       0x24 ./Debug/TinyTimber.c.o
                0x20007ea8                hex
                0x20007ebc                msgPool
                0x20007ec0                threadPool
                0x20007ec4                activeStack
                0x20007ec8                current
 .data          0x20007ecc        0x0 ./Debug/driver_src_stm32f4xx_syscfg.c.o
 .data          0x20007ecc        0x0 ./Debug/regulator.c.o
 .data          0x20007ecc      0x4b0 ./Debug/reg_app.c.o
                0x20007ecc                sci0
                0x200082ec                can0
                0x20008364                reg0
 .data          0x2000837c        0x0 ./Debug/canTinyTimber.c.o
 .data          0x2000837c        0x0 ./Debug/driver_src_stm32f4xx_dac.c.o
 .data          0x2000837c        0x0 ./Debug/driver_src_stm32f4xx_gpio.c.o
 .data          0x2000837c        0x0 ./Debug/sciTinyTimber.c.o
 .data          0x2000837c        0x0 ./Debug/driver_src_stm32f4xx_usart.c.o
 .data          0x2000837c        0x0 ./Debug/driver_src_stm32f4xx_can.c.o
 .data          0x2000837c        0x0 ./Debug/driver_src_stm32f4xx_tim.c.o
 .data          0x2000837c        0x0 ./Debug/driver_src_stm32f4xx_exti.c.o
 .data          0x2000837c        0x0 c:/program files (x86)/gnu arm embedded toolchain/10 2021.10/bin/../lib/gcc/arm-none-eabi/10.3.1/../../../../arm-none-eabi/lib/thumb/v7e-m+fp/hard\libc_nano.a(lib_a-sprintf.o)
 .data          0x2000837c        0x0 c:/program files (x86)/gnu arm embedded toolchain/10 2021.10/bin/../lib/gcc/arm-none-eabi/10.3.1/../../../../arm-none-eabi/lib/thumb/v7e-m+fp/hard\libc_nano.a(lib_a-impure.o)
 .data          0x2000837c        0x0 c:/program files (x86)/gnu arm embedded toolchain/10 2021.10/bin/../lib/gcc/arm-none-eabi/10.3.1/../../../../arm-none-eabi/lib/thumb/v7e-m+fp/hard\libc_nano.a(lib_a-nano-svfprintf.o)
 .data          0x2000837c        0x0 c:/program files (x86)/gnu arm embedded toolchain/10 2021.10/bin/../lib/gcc/arm-none-eabi/10.3.1/../../../../arm-none-eabi/lib/thumb/v7e-m+fp/hard\libc_nano.a(lib_a-nano-vfprintf_i.o)
 .data          0x2000837c        0x0 c:/program files (x86)/gnu arm embedded toolchain/10 2021.10/bin/../lib/gcc/arm-none-eabi/10.3.1/../../../../arm-none-eabi/lib/thumb/v7e-m+fp/hard\libc_nano.a(lib_a-memchr.o)
 .data          0x2000837c        0x0 c:/program files (x86)/gnu arm embedded toolchain/10 2021.10/bin/../lib/gcc/arm-none-eabi/10.3.1/../../../../arm-none-eabi/lib/thumb/v7e-m+fp/hard\libc_nano.a(lib_a-memcpy-stub.o)
 .data          0x2000837c        0x0 c:/program files (x86)/gnu arm embedded toolchain/10 2021.10/bin/../lib/gcc/arm-none-eabi/10.3.1/../../../../arm-none-eabi/lib/thumb/v7e-m+fp/hard\libc_nano.a(lib_a-memmove.o)
 .data          0x2000837c        0x0 c:/program files (x86)/gnu arm embedded toolchain/10 2021.10/bin/../lib/gcc/arm-none-eabi/10.3.1/../../../../arm-none-eabi/lib/thumb/v7e-m+fp/hard\libc_nano.a(lib_a-nano-freer.o)
 .data          0x2000837c        0x0 c:/program files (x86)/gnu arm embedded toolchain/10 2021.10/bin/../lib/gcc/arm-none-eabi/10.3.1/../../../../arm-none-eabi/lib/thumb/v7e-m+fp/hard\libc_nano.a(lib_a-nano-mallocr.o)
 .data          0x2000837c        0x0 c:/program files (x86)/gnu arm embedded toolchain/10 2021.10/bin/../lib/gcc/arm-none-eabi/10.3.1/../../../../arm-none-eabi/lib/thumb/v7e-m+fp/hard\libc_nano.a(lib_a-nano-reallocr.o)
 .data          0x2000837c        0x0 c:/program files (x86)/gnu arm embedded toolchain/10 2021.10/bin/../lib/gcc/arm-none-eabi/10.3.1/../../../../arm-none-eabi/lib/thumb/v7e-m+fp/hard\libc_nano.a(lib_a-sbrkr.o)
 .data          0x2000837c        0x0 c:/program files (x86)/gnu arm embedded toolchain/10 2021.10/bin/../lib/gcc/arm-none-eabi/10.3.1/../../../../arm-none-eabi/lib/thumb/v7e-m+fp/hard\libc_nano.a(lib_a-mlock.o)
 .data          0x2000837c        0x0 c:/program files (x86)/gnu arm embedded toolchain/10 2021.10/bin/../lib/gcc/arm-none-eabi/10.3.1/../../../../arm-none-eabi/lib/thumb/v7e-m+fp/hard\libc_nano.a(lib_a-nano-msizer.o)
 .data          0x2000837c        0x0 c:/program files (x86)/gnu arm embedded toolchain/10 2021.10/bin/../lib/gcc/arm-none-eabi/10.3.1/../../../../arm-none-eabi/lib/thumb/v7e-m+fp/hard\libc_nano.a(lib_a-reent.o)
 .data          0x2000837c        0x0 c:/program files (x86)/gnu arm embedded toolchain/10 2021.10/bin/../lib/gcc/arm-none-eabi/10.3.1/../../../../arm-none-eabi/lib/thumb/v7e-m+fp/hard\libc_nano.a(lib_a-lock.o)
 *(.data.*)
 .data._impure_ptr
                0x2000837c        0x4 c:/program files (x86)/gnu arm embedded toolchain/10 2021.10/bin/../lib/gcc/arm-none-eabi/10.3.1/../../../../arm-none-eabi/lib/thumb/v7e-m+fp/hard\libc_nano.a(lib_a-impure.o)
                0x2000837c                _impure_ptr
 .data.impure_data
                0x20008380       0x60 c:/program files (x86)/gnu arm embedded toolchain/10 2021.10/bin/../lib/gcc/arm-none-eabi/10.3.1/../../../../arm-none-eabi/lib/thumb/v7e-m+fp/hard\libc_nano.a(lib_a-impure.o)
                0x200083e0                . = ALIGN (0x4)

.igot.plt       0x200083e0        0x0
 .igot.plt      0x200083e0        0x0 ./Debug/driver_src_stm32f4xx_rcc.c.o

.bss            0x200083e0     0x8394
                0x200083e0                . = ALIGN (0x4)
                0x200083e0                _sbss = .
 *(.bss)
 .bss           0x200083e0        0x0 ./Debug/driver_src_stm32f4xx_rcc.c.o
 .bss           0x200083e0        0x0 ./Debug/dispatch.s.o
 .bss           0x200083e0        0x0 ./Debug/startup.c.o
 .bss           0x200083e0     0x8370 ./Debug/TinyTimber.c.o
                0x200083e0                __heap_end
                0x200083e4                messages
                0x200086b4                threads
                0x20008708                stacks
                0x20010708                thread0
                0x2001071c                msgQ
                0x20010720                timerQ
                0x20010724                runAsHardware
                0x20010728                doIRQSchedule
                0x2001072c                timestamp
                0x20010730                overflows
                0x20010734                upcoming
                0x20010738                mtable
                0x20010744                otable
 .bss           0x20010750        0x0 ./Debug/driver_src_stm32f4xx_syscfg.c.o
 .bss           0x20010750        0x0 ./Debug/regulator.c.o
 .bss           0x20010750        0xc ./Debug/reg_app.c.o
                0x20010750                app
 .bss           0x2001075c        0x0 ./Debug/canTinyTimber.c.o
 .bss           0x2001075c        0x0 ./Debug/driver_src_stm32f4xx_dac.c.o
 .bss           0x2001075c        0x0 ./Debug/driver_src_stm32f4xx_gpio.c.o
 .bss           0x2001075c        0x0 ./Debug/sciTinyTimber.c.o
 .bss           0x2001075c        0x0 ./Debug/driver_src_stm32f4xx_usart.c.o
 .bss           0x2001075c        0x0 ./Debug/driver_src_stm32f4xx_can.c.o
 .bss           0x2001075c        0x0 ./Debug/driver_src_stm32f4xx_tim.c.o
 .bss           0x2001075c        0x0 ./Debug/driver_src_stm32f4xx_exti.c.o
 .bss           0x2001075c        0x0 c:/program files (x86)/gnu arm embedded toolchain/10 2021.10/bin/../lib/gcc/arm-none-eabi/10.3.1/../../../../arm-none-eabi/lib/thumb/v7e-m+fp/hard\libc_nano.a(lib_a-sprintf.o)
 .bss           0x2001075c        0x0 c:/program files (x86)/gnu arm embedded toolchain/10 2021.10/bin/../lib/gcc/arm-none-eabi/10.3.1/../../../../arm-none-eabi/lib/thumb/v7e-m+fp/hard\libc_nano.a(lib_a-impure.o)
 .bss           0x2001075c        0x0 c:/program files (x86)/gnu arm embedded toolchain/10 2021.10/bin/../lib/gcc/arm-none-eabi/10.3.1/../../../../arm-none-eabi/lib/thumb/v7e-m+fp/hard\libc_nano.a(lib_a-nano-svfprintf.o)
 .bss           0x2001075c        0x0 c:/program files (x86)/gnu arm embedded toolchain/10 2021.10/bin/../lib/gcc/arm-none-eabi/10.3.1/../../../../arm-none-eabi/lib/thumb/v7e-m+fp/hard\libc_nano.a(lib_a-nano-vfprintf_i.o)
 .bss           0x2001075c        0x0 c:/program files (x86)/gnu arm embedded toolchain/10 2021.10/bin/../lib/gcc/arm-none-eabi/10.3.1/../../../../arm-none-eabi/lib/thumb/v7e-m+fp/hard\libc_nano.a(lib_a-memchr.o)
 .bss           0x2001075c        0x0 c:/program files (x86)/gnu arm embedded toolchain/10 2021.10/bin/../lib/gcc/arm-none-eabi/10.3.1/../../../../arm-none-eabi/lib/thumb/v7e-m+fp/hard\libc_nano.a(lib_a-memcpy-stub.o)
 .bss           0x2001075c        0x0 c:/program files (x86)/gnu arm embedded toolchain/10 2021.10/bin/../lib/gcc/arm-none-eabi/10.3.1/../../../../arm-none-eabi/lib/thumb/v7e-m+fp/hard\libc_nano.a(lib_a-memmove.o)
 .bss           0x2001075c        0x0 c:/program files (x86)/gnu arm embedded toolchain/10 2021.10/bin/../lib/gcc/arm-none-eabi/10.3.1/../../../../arm-none-eabi/lib/thumb/v7e-m+fp/hard\libc_nano.a(lib_a-nano-freer.o)
 .bss           0x2001075c        0x0 c:/program files (x86)/gnu arm embedded toolchain/10 2021.10/bin/../lib/gcc/arm-none-eabi/10.3.1/../../../../arm-none-eabi/lib/thumb/v7e-m+fp/hard\libc_nano.a(lib_a-nano-mallocr.o)
 .bss           0x2001075c        0x0 c:/program files (x86)/gnu arm embedded toolchain/10 2021.10/bin/../lib/gcc/arm-none-eabi/10.3.1/../../../../arm-none-eabi/lib/thumb/v7e-m+fp/hard\libc_nano.a(lib_a-nano-reallocr.o)
 .bss           0x2001075c        0x0 c:/program files (x86)/gnu arm embedded toolchain/10 2021.10/bin/../lib/gcc/arm-none-eabi/10.3.1/../../../../arm-none-eabi/lib/thumb/v7e-m+fp/hard\libc_nano.a(lib_a-sbrkr.o)
 .bss           0x2001075c        0x0 c:/program files (x86)/gnu arm embedded toolchain/10 2021.10/bin/../lib/gcc/arm-none-eabi/10.3.1/../../../../arm-none-eabi/lib/thumb/v7e-m+fp/hard\libc_nano.a(lib_a-mlock.o)
 .bss           0x2001075c        0x0 c:/program files (x86)/gnu arm embedded toolchain/10 2021.10/bin/../lib/gcc/arm-none-eabi/10.3.1/../../../../arm-none-eabi/lib/thumb/v7e-m+fp/hard\libc_nano.a(lib_a-nano-msizer.o)
 .bss           0x2001075c        0x0 c:/program files (x86)/gnu arm embedded toolchain/10 2021.10/bin/../lib/gcc/arm-none-eabi/10.3.1/../../../../arm-none-eabi/lib/thumb/v7e-m+fp/hard\libc_nano.a(lib_a-reent.o)
 .bss           0x2001075c        0x0 c:/program files (x86)/gnu arm embedded toolchain/10 2021.10/bin/../lib/gcc/arm-none-eabi/10.3.1/../../../../arm-none-eabi/lib/thumb/v7e-m+fp/hard\libc_nano.a(lib_a-lock.o)
 *(.bss.*)
 .bss.__malloc_free_list
                0x2001075c        0x4 c:/program files (x86)/gnu arm embedded toolchain/10 2021.10/bin/../lib/gcc/arm-none-eabi/10.3.1/../../../../arm-none-eabi/lib/thumb/v7e-m+fp/hard\libc_nano.a(lib_a-nano-mallocr.o)
                0x2001075c                __malloc_free_list
 .bss.__malloc_sbrk_start
                0x20010760        0x4 c:/program files (x86)/gnu arm embedded toolchain/10 2021.10/bin/../lib/gcc/arm-none-eabi/10.3.1/../../../../arm-none-eabi/lib/thumb/v7e-m+fp/hard\libc_nano.a(lib_a-nano-mallocr.o)
                0x20010760                __malloc_sbrk_start
 .bss.errno     0x20010764        0x4 c:/program files (x86)/gnu arm embedded toolchain/10 2021.10/bin/../lib/gcc/arm-none-eabi/10.3.1/../../../../arm-none-eabi/lib/thumb/v7e-m+fp/hard\libc_nano.a(lib_a-reent.o)
                0x20010764                errno
 .bss.__lock___arc4random_mutex
                0x20010768        0x1 c:/program files (x86)/gnu arm embedded toolchain/10 2021.10/bin/../lib/gcc/arm-none-eabi/10.3.1/../../../../arm-none-eabi/lib/thumb/v7e-m+fp/hard\libc_nano.a(lib_a-lock.o)
                0x20010768                __lock___arc4random_mutex
 .bss.__lock___at_quick_exit_mutex
                0x20010769        0x1 c:/program files (x86)/gnu arm embedded toolchain/10 2021.10/bin/../lib/gcc/arm-none-eabi/10.3.1/../../../../arm-none-eabi/lib/thumb/v7e-m+fp/hard\libc_nano.a(lib_a-lock.o)
                0x20010769                __lock___at_quick_exit_mutex
 .bss.__lock___atexit_recursive_mutex
                0x2001076a        0x1 c:/program files (x86)/gnu arm embedded toolchain/10 2021.10/bin/../lib/gcc/arm-none-eabi/10.3.1/../../../../arm-none-eabi/lib/thumb/v7e-m+fp/hard\libc_nano.a(lib_a-lock.o)
                0x2001076a                __lock___atexit_recursive_mutex
 .bss.__lock___dd_hash_mutex
                0x2001076b        0x1 c:/program files (x86)/gnu arm embedded toolchain/10 2021.10/bin/../lib/gcc/arm-none-eabi/10.3.1/../../../../arm-none-eabi/lib/thumb/v7e-m+fp/hard\libc_nano.a(lib_a-lock.o)
                0x2001076b                __lock___dd_hash_mutex
 .bss.__lock___env_recursive_mutex
                0x2001076c        0x1 c:/program files (x86)/gnu arm embedded toolchain/10 2021.10/bin/../lib/gcc/arm-none-eabi/10.3.1/../../../../arm-none-eabi/lib/thumb/v7e-m+fp/hard\libc_nano.a(lib_a-lock.o)
                0x2001076c                __lock___env_recursive_mutex
 .bss.__lock___malloc_recursive_mutex
                0x2001076d        0x1 c:/program files (x86)/gnu arm embedded toolchain/10 2021.10/bin/../lib/gcc/arm-none-eabi/10.3.1/../../../../arm-none-eabi/lib/thumb/v7e-m+fp/hard\libc_nano.a(lib_a-lock.o)
                0x2001076d                __lock___malloc_recursive_mutex
 .bss.__lock___sfp_recursive_mutex
                0x2001076e        0x1 c:/program files (x86)/gnu arm embedded toolchain/10 2021.10/bin/../lib/gcc/arm-none-eabi/10.3.1/../../../../arm-none-eabi/lib/thumb/v7e-m+fp/hard\libc_nano.a(lib_a-lock.o)
                0x2001076e                __lock___sfp_recursive_mutex
 .bss.__lock___sinit_recursive_mutex
                0x2001076f        0x1 c:/program files (x86)/gnu arm embedded toolchain/10 2021.10/bin/../lib/gcc/arm-none-eabi/10.3.1/../../../../arm-none-eabi/lib/thumb/v7e-m+fp/hard\libc_nano.a(lib_a-lock.o)
                0x2001076f                __lock___sinit_recursive_mutex
 .bss.__lock___tz_mutex
                0x20010770        0x1 c:/program files (x86)/gnu arm embedded toolchain/10 2021.10/bin/../lib/gcc/arm-none-eabi/10.3.1/../../../../arm-none-eabi/lib/thumb/v7e-m+fp/hard\libc_nano.a(lib_a-lock.o)
                0x20010770                __lock___tz_mutex
 *(COMMON)
                0x20010774                . = ALIGN (0x4)
 *fill*         0x20010771        0x3 
                0x20010774                _ebss = .
                0x20010774                PROVIDE (end = _ebss)
                [!provide]                PROVIDE (_end = _ebss)
OUTPUT(./Debug/RTS-Lab.elf elf32-littlearm)
LOAD linker stubs

.debug_info     0x00000000     0x9d6f
 .debug_info    0x00000000      0xebe ./Debug/driver_src_stm32f4xx_rcc.c.o
 .debug_info    0x00000ebe      0xaa8 ./Debug/startup.c.o
 .debug_info    0x00001966     0x181e ./Debug/TinyTimber.c.o
 .debug_info    0x00003184      0x28e ./Debug/driver_src_stm32f4xx_syscfg.c.o
 .debug_info    0x00003412      0x52a ./Debug/regulator.c.o
 .debug_info    0x0000393c      0x88f ./Debug/reg_app.c.o
 .debug_info    0x000041cb      0xd96 ./Debug/canTinyTimber.c.o
 .debug_info    0x00004f61      0x679 ./Debug/driver_src_stm32f4xx_dac.c.o
 .debug_info    0x000055da      0x649 ./Debug/driver_src_stm32f4xx_gpio.c.o
 .debug_info    0x00005c23      0x9b3 ./Debug/sciTinyTimber.c.o
 .debug_info    0x000065d6      0xa32 ./Debug/driver_src_stm32f4xx_usart.c.o
 .debug_info    0x00007008      0xc2a ./Debug/driver_src_stm32f4xx_can.c.o
 .debug_info    0x00007c32     0x1df0 ./Debug/driver_src_stm32f4xx_tim.c.o
 .debug_info    0x00009a22      0x34d ./Debug/driver_src_stm32f4xx_exti.c.o

.debug_abbrev   0x00000000     0x1d00
 .debug_abbrev  0x00000000      0x1d3 ./Debug/driver_src_stm32f4xx_rcc.c.o
 .debug_abbrev  0x000001d3      0x260 ./Debug/startup.c.o
 .debug_abbrev  0x00000433      0x4df ./Debug/TinyTimber.c.o
 .debug_abbrev  0x00000912      0x13e ./Debug/driver_src_stm32f4xx_syscfg.c.o
 .debug_abbrev  0x00000a50      0x196 ./Debug/regulator.c.o
 .debug_abbrev  0x00000be6      0x20f ./Debug/reg_app.c.o
 .debug_abbrev  0x00000df5      0x264 ./Debug/canTinyTimber.c.o
 .debug_abbrev  0x00001059      0x193 ./Debug/driver_src_stm32f4xx_dac.c.o
 .debug_abbrev  0x000011ec      0x1c0 ./Debug/driver_src_stm32f4xx_gpio.c.o
 .debug_abbrev  0x000013ac      0x260 ./Debug/sciTinyTimber.c.o
 .debug_abbrev  0x0000160c      0x182 ./Debug/driver_src_stm32f4xx_usart.c.o
 .debug_abbrev  0x0000178e      0x212 ./Debug/driver_src_stm32f4xx_can.c.o
 .debug_abbrev  0x000019a0      0x19c ./Debug/driver_src_stm32f4xx_tim.c.o
 .debug_abbrev  0x00001b3c      0x1c4 ./Debug/driver_src_stm32f4xx_exti.c.o

.debug_aranges  0x00000000      0x1c8
 .debug_aranges
                0x00000000       0x20 ./Debug/driver_src_stm32f4xx_rcc.c.o
 .debug_aranges
                0x00000020       0x28 ./Debug/startup.c.o
 .debug_aranges
                0x00000048       0x20 ./Debug/TinyTimber.c.o
 .debug_aranges
                0x00000068       0x20 ./Debug/driver_src_stm32f4xx_syscfg.c.o
 .debug_aranges
                0x00000088       0x20 ./Debug/regulator.c.o
 .debug_aranges
                0x000000a8       0x20 ./Debug/reg_app.c.o
 .debug_aranges
                0x000000c8       0x20 ./Debug/canTinyTimber.c.o
 .debug_aranges
                0x000000e8       0x20 ./Debug/driver_src_stm32f4xx_dac.c.o
 .debug_aranges
                0x00000108       0x20 ./Debug/driver_src_stm32f4xx_gpio.c.o
 .debug_aranges
                0x00000128       0x20 ./Debug/sciTinyTimber.c.o
 .debug_aranges
                0x00000148       0x20 ./Debug/driver_src_stm32f4xx_usart.c.o
 .debug_aranges
                0x00000168       0x20 ./Debug/driver_src_stm32f4xx_can.c.o
 .debug_aranges
                0x00000188       0x20 ./Debug/driver_src_stm32f4xx_tim.c.o
 .debug_aranges
                0x000001a8       0x20 ./Debug/driver_src_stm32f4xx_exti.c.o

.debug_line     0x00000000     0x4814
 .debug_line    0x00000000      0x770 ./Debug/driver_src_stm32f4xx_rcc.c.o
 .debug_line    0x00000770      0x381 ./Debug/startup.c.o
 .debug_line    0x00000af1      0xa95 ./Debug/TinyTimber.c.o
 .debug_line    0x00001586      0x20a ./Debug/driver_src_stm32f4xx_syscfg.c.o
 .debug_line    0x00001790      0x2a9 ./Debug/regulator.c.o
 .debug_line    0x00001a39      0x269 ./Debug/reg_app.c.o
 .debug_line    0x00001ca2      0x429 ./Debug/canTinyTimber.c.o
 .debug_line    0x000020cb      0x3bd ./Debug/driver_src_stm32f4xx_dac.c.o
 .debug_line    0x00002488      0x418 ./Debug/driver_src_stm32f4xx_gpio.c.o
 .debug_line    0x000028a0      0x2c7 ./Debug/sciTinyTimber.c.o
 .debug_line    0x00002b67      0x57a ./Debug/driver_src_stm32f4xx_usart.c.o
 .debug_line    0x000030e1      0x8bf ./Debug/driver_src_stm32f4xx_can.c.o
 .debug_line    0x000039a0      0xb8d ./Debug/driver_src_stm32f4xx_tim.c.o
 .debug_line    0x0000452d      0x2e7 ./Debug/driver_src_stm32f4xx_exti.c.o

.debug_str      0x00000000     0x3349
 .debug_str     0x00000000      0x8f8 ./Debug/driver_src_stm32f4xx_rcc.c.o
                                0x98a (size before relaxing)
 .debug_str     0x000008f8      0x5c9 ./Debug/startup.c.o
                                0x78b (size before relaxing)
 .debug_str     0x00000ec1      0x9c7 ./Debug/TinyTimber.c.o
                                0xc5a (size before relaxing)
 .debug_str     0x00001888      0x177 ./Debug/driver_src_stm32f4xx_syscfg.c.o
                                0x303 (size before relaxing)
 .debug_str     0x000019ff       0xd4 ./Debug/regulator.c.o
                                0x2c1 (size before relaxing)
 .debug_str     0x00001ad3       0xa4 ./Debug/reg_app.c.o
                                0x3f0 (size before relaxing)
 .debug_str     0x00001b77      0x120 ./Debug/canTinyTimber.c.o
                                0xa1b (size before relaxing)
 .debug_str     0x00001c97      0x239 ./Debug/driver_src_stm32f4xx_dac.c.o
                                0x448 (size before relaxing)
 .debug_str     0x00001ed0      0x17b ./Debug/driver_src_stm32f4xx_gpio.c.o
                                0x498 (size before relaxing)
 .debug_str     0x0000204b       0x6c ./Debug/sciTinyTimber.c.o
                                0x87a (size before relaxing)
 .debug_str     0x000020b7      0x41e ./Debug/driver_src_stm32f4xx_usart.c.o
                                0x684 (size before relaxing)
 .debug_str     0x000024d5      0x2fa ./Debug/driver_src_stm32f4xx_can.c.o
                                0x733 (size before relaxing)
 .debug_str     0x000027cf      0xa80 ./Debug/driver_src_stm32f4xx_tim.c.o
                                0xdc5 (size before relaxing)
 .debug_str     0x0000324f       0xfa ./Debug/driver_src_stm32f4xx_exti.c.o
                                0x341 (size before relaxing)

.comment        0x00000000       0x49
 .comment       0x00000000       0x49 ./Debug/driver_src_stm32f4xx_rcc.c.o
                                 0x4a (size before relaxing)
 .comment       0x00000049       0x4a ./Debug/startup.c.o
 .comment       0x00000049       0x4a ./Debug/TinyTimber.c.o
 .comment       0x00000049       0x4a ./Debug/driver_src_stm32f4xx_syscfg.c.o
 .comment       0x00000049       0x4a ./Debug/regulator.c.o
 .comment       0x00000049       0x4a ./Debug/reg_app.c.o
 .comment       0x00000049       0x4a ./Debug/canTinyTimber.c.o
 .comment       0x00000049       0x4a ./Debug/driver_src_stm32f4xx_dac.c.o
 .comment       0x00000049       0x4a ./Debug/driver_src_stm32f4xx_gpio.c.o
 .comment       0x00000049       0x4a ./Debug/sciTinyTimber.c.o
 .comment       0x00000049       0x4a ./Debug/driver_src_stm32f4xx_usart.c.o
 .comment       0x00000049       0x4a ./Debug/driver_src_stm32f4xx_can.c.o
 .comment       0x00000049       0x4a ./Debug/driver_src_stm32f4xx_tim.c.o
 .comment       0x00000049       0x4a ./Debug/driver_src_stm32f4xx_exti.c.o

.ARM.attributes
                0x00000000       0x32
 .ARM.attributes
                0x00000000       0x34 ./Debug/driver_src_stm32f4xx_rcc.c.o
 .ARM.attributes
                0x00000034       0x25 ./Debug/dispatch.s.o
 .ARM.attributes
                0x00000059       0x34 ./Debug/startup.c.o
 .ARM.attributes
                0x0000008d       0x34 ./Debug/TinyTimber.c.o
 .ARM.attributes
                0x000000c1       0x34 ./Debug/driver_src_stm32f4xx_syscfg.c.o
 .ARM.attributes
                0x000000f5       0x34 ./Debug/regulator.c.o
 .ARM.attributes
                0x00000129       0x34 ./Debug/reg_app.c.o
 .ARM.attributes
                0x0000015d       0x34 ./Debug/canTinyTimber.c.o
 .ARM.attributes
                0x00000191       0x34 ./Debug/driver_src_stm32f4xx_dac.c.o
 .ARM.attributes
                0x000001c5       0x34 ./Debug/driver_src_stm32f4xx_gpio.c.o
 .ARM.attributes
                0x000001f9       0x34 ./Debug/sciTinyTimber.c.o
 .ARM.attributes
                0x0000022d       0x34 ./Debug/driver_src_stm32f4xx_usart.c.o
 .ARM.attributes
                0x00000261       0x34 ./Debug/driver_src_stm32f4xx_can.c.o
 .ARM.attributes
                0x00000295       0x34 ./Debug/driver_src_stm32f4xx_tim.c.o
 .ARM.attributes
                0x000002c9       0x34 ./Debug/driver_src_stm32f4xx_exti.c.o
 .ARM.attributes
                0x000002fd       0x34 c:/program files (x86)/gnu arm embedded toolchain/10 2021.10/bin/../lib/gcc/arm-none-eabi/10.3.1/../../../../arm-none-eabi/lib/thumb/v7e-m+fp/hard\libc_nano.a(lib_a-sprintf.o)
 .ARM.attributes
                0x00000331       0x34 c:/program files (x86)/gnu arm embedded toolchain/10 2021.10/bin/../lib/gcc/arm-none-eabi/10.3.1/../../../../arm-none-eabi/lib/thumb/v7e-m+fp/hard\libc_nano.a(lib_a-impure.o)
 .ARM.attributes
                0x00000365       0x34 c:/program files (x86)/gnu arm embedded toolchain/10 2021.10/bin/../lib/gcc/arm-none-eabi/10.3.1/../../../../arm-none-eabi/lib/thumb/v7e-m+fp/hard\libc_nano.a(lib_a-nano-svfprintf.o)
 .ARM.attributes
                0x00000399       0x34 c:/program files (x86)/gnu arm embedded toolchain/10 2021.10/bin/../lib/gcc/arm-none-eabi/10.3.1/../../../../arm-none-eabi/lib/thumb/v7e-m+fp/hard\libc_nano.a(lib_a-nano-vfprintf_i.o)
 .ARM.attributes
                0x000003cd       0x1c c:/program files (x86)/gnu arm embedded toolchain/10 2021.10/bin/../lib/gcc/arm-none-eabi/10.3.1/../../../../arm-none-eabi/lib/thumb/v7e-m+fp/hard\libc_nano.a(lib_a-memchr.o)
 .ARM.attributes
                0x000003e9       0x34 c:/program files (x86)/gnu arm embedded toolchain/10 2021.10/bin/../lib/gcc/arm-none-eabi/10.3.1/../../../../arm-none-eabi/lib/thumb/v7e-m+fp/hard\libc_nano.a(lib_a-memcpy-stub.o)
 .ARM.attributes
                0x0000041d       0x34 c:/program files (x86)/gnu arm embedded toolchain/10 2021.10/bin/../lib/gcc/arm-none-eabi/10.3.1/../../../../arm-none-eabi/lib/thumb/v7e-m+fp/hard\libc_nano.a(lib_a-memmove.o)
 .ARM.attributes
                0x00000451       0x34 c:/program files (x86)/gnu arm embedded toolchain/10 2021.10/bin/../lib/gcc/arm-none-eabi/10.3.1/../../../../arm-none-eabi/lib/thumb/v7e-m+fp/hard\libc_nano.a(lib_a-nano-freer.o)
 .ARM.attributes
                0x00000485       0x34 c:/program files (x86)/gnu arm embedded toolchain/10 2021.10/bin/../lib/gcc/arm-none-eabi/10.3.1/../../../../arm-none-eabi/lib/thumb/v7e-m+fp/hard\libc_nano.a(lib_a-nano-mallocr.o)
 .ARM.attributes
                0x000004b9       0x34 c:/program files (x86)/gnu arm embedded toolchain/10 2021.10/bin/../lib/gcc/arm-none-eabi/10.3.1/../../../../arm-none-eabi/lib/thumb/v7e-m+fp/hard\libc_nano.a(lib_a-nano-reallocr.o)
 .ARM.attributes
                0x000004ed       0x34 c:/program files (x86)/gnu arm embedded toolchain/10 2021.10/bin/../lib/gcc/arm-none-eabi/10.3.1/../../../../arm-none-eabi/lib/thumb/v7e-m+fp/hard\libc_nano.a(lib_a-sbrkr.o)
 .ARM.attributes
                0x00000521       0x34 c:/program files (x86)/gnu arm embedded toolchain/10 2021.10/bin/../lib/gcc/arm-none-eabi/10.3.1/../../../../arm-none-eabi/lib/thumb/v7e-m+fp/hard\libc_nano.a(lib_a-mlock.o)
 .ARM.attributes
                0x00000555       0x34 c:/program files (x86)/gnu arm embedded toolchain/10 2021.10/bin/../lib/gcc/arm-none-eabi/10.3.1/../../../../arm-none-eabi/lib/thumb/v7e-m+fp/hard\libc_nano.a(lib_a-nano-msizer.o)
 .ARM.attributes
                0x00000589       0x34 c:/program files (x86)/gnu arm embedded toolchain/10 2021.10/bin/../lib/gcc/arm-none-eabi/10.3.1/../../../../arm-none-eabi/lib/thumb/v7e-m+fp/hard\libc_nano.a(lib_a-reent.o)
 .ARM.attributes
                0x000005bd       0x34 c:/program files (x86)/gnu arm embedded toolchain/10 2021.10/bin/../lib/gcc/arm-none-eabi/10.3.1/../../../../arm-none-eabi/lib/thumb/v7e-m+fp/hard\libc_nano.a(lib_a-lock.o)

.debug_frame    0x00000000     0x345c
 .debug_frame   0x00000000      0x814 ./Debug/driver_src_stm32f4xx_rcc.c.o
 .debug_frame   0x00000814      0x14c ./Debug/startup.c.o
 .debug_frame   0x00000960      0x57c ./Debug/TinyTimber.c.o
 .debug_frame   0x00000edc      0x11c ./Debug/driver_src_stm32f4xx_syscfg.c.o
 .debug_frame   0x00000ff8       0x88 ./Debug/regulator.c.o
 .debug_frame   0x00001080       0xc0 ./Debug/reg_app.c.o
 .debug_frame   0x00001140      0x100 ./Debug/canTinyTimber.c.o
 .debug_frame   0x00001240      0x2ac ./Debug/driver_src_stm32f4xx_dac.c.o
 .debug_frame   0x000014ec      0x23c ./Debug/driver_src_stm32f4xx_gpio.c.o
 .debug_frame   0x00001728      0x11c ./Debug/sciTinyTimber.c.o
 .debug_frame   0x00001844      0x490 ./Debug/driver_src_stm32f4xx_usart.c.o
 .debug_frame   0x00001cd4      0x3f8 ./Debug/driver_src_stm32f4xx_can.c.o
 .debug_frame   0x000020cc      0xe54 ./Debug/driver_src_stm32f4xx_tim.c.o
 .debug_frame   0x00002f20      0x148 ./Debug/driver_src_stm32f4xx_exti.c.o
 .debug_frame   0x00003068       0x6c c:/program files (x86)/gnu arm embedded toolchain/10 2021.10/bin/../lib/gcc/arm-none-eabi/10.3.1/../../../../arm-none-eabi/lib/thumb/v7e-m+fp/hard\libc_nano.a(lib_a-sprintf.o)
 .debug_frame   0x000030d4       0x90 c:/program files (x86)/gnu arm embedded toolchain/10 2021.10/bin/../lib/gcc/arm-none-eabi/10.3.1/../../../../arm-none-eabi/lib/thumb/v7e-m+fp/hard\libc_nano.a(lib_a-nano-svfprintf.o)
 .debug_frame   0x00003164       0x60 c:/program files (x86)/gnu arm embedded toolchain/10 2021.10/bin/../lib/gcc/arm-none-eabi/10.3.1/../../../../arm-none-eabi/lib/thumb/v7e-m+fp/hard\libc_nano.a(lib_a-nano-vfprintf_i.o)
 .debug_frame   0x000031c4       0x28 c:/program files (x86)/gnu arm embedded toolchain/10 2021.10/bin/../lib/gcc/arm-none-eabi/10.3.1/../../../../arm-none-eabi/lib/thumb/v7e-m+fp/hard\libc_nano.a(lib_a-memcpy-stub.o)
 .debug_frame   0x000031ec       0x28 c:/program files (x86)/gnu arm embedded toolchain/10 2021.10/bin/../lib/gcc/arm-none-eabi/10.3.1/../../../../arm-none-eabi/lib/thumb/v7e-m+fp/hard\libc_nano.a(lib_a-memmove.o)
 .debug_frame   0x00003214       0x38 c:/program files (x86)/gnu arm embedded toolchain/10 2021.10/bin/../lib/gcc/arm-none-eabi/10.3.1/../../../../arm-none-eabi/lib/thumb/v7e-m+fp/hard\libc_nano.a(lib_a-nano-freer.o)
 .debug_frame   0x0000324c       0x4c c:/program files (x86)/gnu arm embedded toolchain/10 2021.10/bin/../lib/gcc/arm-none-eabi/10.3.1/../../../../arm-none-eabi/lib/thumb/v7e-m+fp/hard\libc_nano.a(lib_a-nano-mallocr.o)
 .debug_frame   0x00003298       0x3c c:/program files (x86)/gnu arm embedded toolchain/10 2021.10/bin/../lib/gcc/arm-none-eabi/10.3.1/../../../../arm-none-eabi/lib/thumb/v7e-m+fp/hard\libc_nano.a(lib_a-nano-reallocr.o)
 .debug_frame   0x000032d4       0x2c c:/program files (x86)/gnu arm embedded toolchain/10 2021.10/bin/../lib/gcc/arm-none-eabi/10.3.1/../../../../arm-none-eabi/lib/thumb/v7e-m+fp/hard\libc_nano.a(lib_a-sbrkr.o)
 .debug_frame   0x00003300       0x30 c:/program files (x86)/gnu arm embedded toolchain/10 2021.10/bin/../lib/gcc/arm-none-eabi/10.3.1/../../../../arm-none-eabi/lib/thumb/v7e-m+fp/hard\libc_nano.a(lib_a-mlock.o)
 .debug_frame   0x00003330       0x20 c:/program files (x86)/gnu arm embedded toolchain/10 2021.10/bin/../lib/gcc/arm-none-eabi/10.3.1/../../../../arm-none-eabi/lib/thumb/v7e-m+fp/hard\libc_nano.a(lib_a-nano-msizer.o)
 .debug_frame   0x00003350       0x5c c:/program files (x86)/gnu arm embedded toolchain/10 2021.10/bin/../lib/gcc/arm-none-eabi/10.3.1/../../../../arm-none-eabi/lib/thumb/v7e-m+fp/hard\libc_nano.a(lib_a-reent.o)
 .debug_frame   0x000033ac       0xb0 c:/program files (x86)/gnu arm embedded toolchain/10 2021.10/bin/../lib/gcc/arm-none-eabi/10.3.1/../../../../arm-none-eabi/lib/thumb/v7e-m+fp/hard\libc_nano.a(lib_a-lock.o)

.debug_ranges   0x00000000       0x18
 .debug_ranges  0x00000000       0x18 ./Debug/startup.c.o

Cross Reference Table

Symbol                                            File
ABORT                                             ./Debug/TinyTimber.c.o
CAN_CancelTransmit                                ./Debug/driver_src_stm32f4xx_can.c.o
CAN_ClearFlag                                     ./Debug/driver_src_stm32f4xx_can.c.o
CAN_ClearITPendingBit                             ./Debug/driver_src_stm32f4xx_can.c.o
CAN_DBGFreeze                                     ./Debug/driver_src_stm32f4xx_can.c.o
CAN_DeInit                                        ./Debug/driver_src_stm32f4xx_can.c.o
                                                  ./Debug/startup.c.o
CAN_FIFORelease                                   ./Debug/driver_src_stm32f4xx_can.c.o
CAN_FilterInit                                    ./Debug/driver_src_stm32f4xx_can.c.o
                                                  ./Debug/startup.c.o
CAN_GetFlagStatus                                 ./Debug/driver_src_stm32f4xx_can.c.o
                                                  ./Debug/canTinyTimber.c.o
CAN_GetITStatus                                   ./Debug/driver_src_stm32f4xx_can.c.o
CAN_GetLSBTransmitErrorCounter                    ./Debug/driver_src_stm32f4xx_can.c.o
CAN_GetLastErrorCode                              ./Debug/driver_src_stm32f4xx_can.c.o
CAN_GetReceiveErrorCounter                        ./Debug/driver_src_stm32f4xx_can.c.o
CAN_ITConfig                                      ./Debug/driver_src_stm32f4xx_can.c.o
                                                  ./Debug/canTinyTimber.c.o
CAN_Init                                          ./Debug/driver_src_stm32f4xx_can.c.o
                                                  ./Debug/canTinyTimber.c.o
CAN_MessagePending                                ./Debug/driver_src_stm32f4xx_can.c.o
CAN_OperatingModeRequest                          ./Debug/driver_src_stm32f4xx_can.c.o
CAN_Receive                                       ./Debug/driver_src_stm32f4xx_can.c.o
                                                  ./Debug/canTinyTimber.c.o
CAN_SlaveStartBank                                ./Debug/driver_src_stm32f4xx_can.c.o
CAN_Sleep                                         ./Debug/driver_src_stm32f4xx_can.c.o
CAN_StructInit                                    ./Debug/driver_src_stm32f4xx_can.c.o
                                                  ./Debug/canTinyTimber.c.o
CAN_TTComModeCmd                                  ./Debug/driver_src_stm32f4xx_can.c.o
CAN_Transmit                                      ./Debug/driver_src_stm32f4xx_can.c.o
                                                  ./Debug/canTinyTimber.c.o
CAN_TransmitStatus                                ./Debug/driver_src_stm32f4xx_can.c.o
CAN_WakeUp                                        ./Debug/driver_src_stm32f4xx_can.c.o
CURRENT_OFFSET                                    ./Debug/TinyTimber.c.o
                                                  ./Debug/regulator.c.o
DAC_ClearFlag                                     ./Debug/driver_src_stm32f4xx_dac.c.o
DAC_ClearITPendingBit                             ./Debug/driver_src_stm32f4xx_dac.c.o
DAC_Cmd                                           ./Debug/driver_src_stm32f4xx_dac.c.o
                                                  ./Debug/startup.c.o
DAC_DMACmd                                        ./Debug/driver_src_stm32f4xx_dac.c.o
DAC_DeInit                                        ./Debug/driver_src_stm32f4xx_dac.c.o
                                                  ./Debug/startup.c.o
DAC_DualSoftwareTriggerCmd                        ./Debug/driver_src_stm32f4xx_dac.c.o
DAC_GetDataOutputValue                            ./Debug/driver_src_stm32f4xx_dac.c.o
DAC_GetFlagStatus                                 ./Debug/driver_src_stm32f4xx_dac.c.o
DAC_GetITStatus                                   ./Debug/driver_src_stm32f4xx_dac.c.o
DAC_ITConfig                                      ./Debug/driver_src_stm32f4xx_dac.c.o
DAC_Init                                          ./Debug/driver_src_stm32f4xx_dac.c.o
                                                  ./Debug/startup.c.o
DAC_SetChannel1Data                               ./Debug/driver_src_stm32f4xx_dac.c.o
DAC_SetChannel2Data                               ./Debug/driver_src_stm32f4xx_dac.c.o
                                                  ./Debug/startup.c.o
DAC_SetDualChannelData                            ./Debug/driver_src_stm32f4xx_dac.c.o
DAC_SoftwareTriggerCmd                            ./Debug/driver_src_stm32f4xx_dac.c.o
DAC_StructInit                                    ./Debug/driver_src_stm32f4xx_dac.c.o
                                                  ./Debug/startup.c.o
DAC_WaveGenerationCmd                             ./Debug/driver_src_stm32f4xx_dac.c.o
DUMP                                              ./Debug/TinyTimber.c.o
                                                  ./Debug/canTinyTimber.c.o
                                                  ./Debug/dispatch.s.o
DUMPC                                             ./Debug/TinyTimber.c.o
DUMPD                                             ./Debug/TinyTimber.c.o
                                                  ./Debug/dispatch.s.o
DUMPH                                             ./Debug/TinyTimber.c.o
                                                  ./Debug/dispatch.s.o
EXTI_ClearFlag                                    ./Debug/driver_src_stm32f4xx_exti.c.o
EXTI_ClearITPendingBit                            ./Debug/driver_src_stm32f4xx_exti.c.o
EXTI_DeInit                                       ./Debug/driver_src_stm32f4xx_exti.c.o
                                                  ./Debug/startup.c.o
EXTI_GenerateSWInterrupt                          ./Debug/driver_src_stm32f4xx_exti.c.o
EXTI_GetFlagStatus                                ./Debug/driver_src_stm32f4xx_exti.c.o
EXTI_GetITStatus                                  ./Debug/driver_src_stm32f4xx_exti.c.o
EXTI_Init                                         ./Debug/driver_src_stm32f4xx_exti.c.o
                                                  ./Debug/startup.c.o
EXTI_StructInit                                   ./Debug/driver_src_stm32f4xx_exti.c.o
                                                  ./Debug/startup.c.o
GPIO_DeInit                                       ./Debug/driver_src_stm32f4xx_gpio.c.o
                                                  ./Debug/startup.c.o
GPIO_Init                                         ./Debug/driver_src_stm32f4xx_gpio.c.o
                                                  ./Debug/startup.c.o
GPIO_PinAFConfig                                  ./Debug/driver_src_stm32f4xx_gpio.c.o
                                                  ./Debug/startup.c.o
GPIO_PinLockConfig                                ./Debug/driver_src_stm32f4xx_gpio.c.o
GPIO_ReadInputData                                ./Debug/driver_src_stm32f4xx_gpio.c.o
GPIO_ReadInputDataBit                             ./Debug/driver_src_stm32f4xx_gpio.c.o
GPIO_ReadOutputData                               ./Debug/driver_src_stm32f4xx_gpio.c.o
GPIO_ReadOutputDataBit                            ./Debug/driver_src_stm32f4xx_gpio.c.o
GPIO_ResetBits                                    ./Debug/driver_src_stm32f4xx_gpio.c.o
GPIO_SetBits                                      ./Debug/driver_src_stm32f4xx_gpio.c.o
GPIO_StructInit                                   ./Debug/driver_src_stm32f4xx_gpio.c.o
                                                  ./Debug/startup.c.o
GPIO_ToggleBits                                   ./Debug/driver_src_stm32f4xx_gpio.c.o
GPIO_Write                                        ./Debug/driver_src_stm32f4xx_gpio.c.o
GPIO_WriteBit                                     ./Debug/driver_src_stm32f4xx_gpio.c.o
                                                  ./Debug/TinyTimber.c.o
                                                  ./Debug/startup.c.o
RCC_AHB1PeriphClockCmd                            ./Debug/driver_src_stm32f4xx_rcc.c.o
                                                  ./Debug/startup.c.o
RCC_AHB1PeriphClockLPModeCmd                      ./Debug/driver_src_stm32f4xx_rcc.c.o
RCC_AHB1PeriphResetCmd                            ./Debug/driver_src_stm32f4xx_rcc.c.o
                                                  ./Debug/driver_src_stm32f4xx_gpio.c.o
RCC_AHB2PeriphClockCmd                            ./Debug/driver_src_stm32f4xx_rcc.c.o
RCC_AHB2PeriphClockLPModeCmd                      ./Debug/driver_src_stm32f4xx_rcc.c.o
RCC_AHB2PeriphResetCmd                            ./Debug/driver_src_stm32f4xx_rcc.c.o
RCC_AHB3PeriphClockCmd                            ./Debug/driver_src_stm32f4xx_rcc.c.o
RCC_AHB3PeriphClockLPModeCmd                      ./Debug/driver_src_stm32f4xx_rcc.c.o
RCC_AHB3PeriphResetCmd                            ./Debug/driver_src_stm32f4xx_rcc.c.o
RCC_APB1PeriphClockCmd                            ./Debug/driver_src_stm32f4xx_rcc.c.o
                                                  ./Debug/startup.c.o
RCC_APB1PeriphClockLPModeCmd                      ./Debug/driver_src_stm32f4xx_rcc.c.o
                                                  ./Debug/startup.c.o
RCC_APB1PeriphResetCmd                            ./Debug/driver_src_stm32f4xx_rcc.c.o
                                                  ./Debug/driver_src_stm32f4xx_tim.c.o
                                                  ./Debug/driver_src_stm32f4xx_can.c.o
                                                  ./Debug/driver_src_stm32f4xx_usart.c.o
                                                  ./Debug/driver_src_stm32f4xx_dac.c.o
RCC_APB2PeriphClockCmd                            ./Debug/driver_src_stm32f4xx_rcc.c.o
                                                  ./Debug/startup.c.o
RCC_APB2PeriphClockLPModeCmd                      ./Debug/driver_src_stm32f4xx_rcc.c.o
RCC_APB2PeriphResetCmd                            ./Debug/driver_src_stm32f4xx_rcc.c.o
                                                  ./Debug/driver_src_stm32f4xx_tim.c.o
                                                  ./Debug/driver_src_stm32f4xx_usart.c.o
                                                  ./Debug/driver_src_stm32f4xx_syscfg.c.o
RCC_AdjustHSICalibrationValue                     ./Debug/driver_src_stm32f4xx_rcc.c.o
RCC_BackupResetCmd                                ./Debug/driver_src_stm32f4xx_rcc.c.o
RCC_ClearFlag                                     ./Debug/driver_src_stm32f4xx_rcc.c.o
RCC_ClearITPendingBit                             ./Debug/driver_src_stm32f4xx_rcc.c.o
RCC_ClockSecuritySystemCmd                        ./Debug/driver_src_stm32f4xx_rcc.c.o
RCC_DeInit                                        ./Debug/driver_src_stm32f4xx_rcc.c.o
RCC_GetClocksFreq                                 ./Debug/driver_src_stm32f4xx_rcc.c.o
                                                  ./Debug/driver_src_stm32f4xx_usart.c.o
RCC_GetFlagStatus                                 ./Debug/driver_src_stm32f4xx_rcc.c.o
RCC_GetITStatus                                   ./Debug/driver_src_stm32f4xx_rcc.c.o
RCC_GetSYSCLKSource                               ./Debug/driver_src_stm32f4xx_rcc.c.o
RCC_HCLKConfig                                    ./Debug/driver_src_stm32f4xx_rcc.c.o
RCC_HSEConfig                                     ./Debug/driver_src_stm32f4xx_rcc.c.o
RCC_HSICmd                                        ./Debug/driver_src_stm32f4xx_rcc.c.o
RCC_I2SCLKConfig                                  ./Debug/driver_src_stm32f4xx_rcc.c.o
RCC_ITConfig                                      ./Debug/driver_src_stm32f4xx_rcc.c.o
RCC_LSEConfig                                     ./Debug/driver_src_stm32f4xx_rcc.c.o
RCC_LSICmd                                        ./Debug/driver_src_stm32f4xx_rcc.c.o
RCC_LTDCCLKDivConfig                              ./Debug/driver_src_stm32f4xx_rcc.c.o
RCC_MCO1Config                                    ./Debug/driver_src_stm32f4xx_rcc.c.o
RCC_MCO2Config                                    ./Debug/driver_src_stm32f4xx_rcc.c.o
RCC_PCLK1Config                                   ./Debug/driver_src_stm32f4xx_rcc.c.o
RCC_PCLK2Config                                   ./Debug/driver_src_stm32f4xx_rcc.c.o
RCC_PLLCmd                                        ./Debug/driver_src_stm32f4xx_rcc.c.o
RCC_PLLConfig                                     ./Debug/driver_src_stm32f4xx_rcc.c.o
RCC_PLLI2SCmd                                     ./Debug/driver_src_stm32f4xx_rcc.c.o
RCC_PLLI2SConfig                                  ./Debug/driver_src_stm32f4xx_rcc.c.o
RCC_PLLSAICmd                                     ./Debug/driver_src_stm32f4xx_rcc.c.o
RCC_PLLSAIConfig                                  ./Debug/driver_src_stm32f4xx_rcc.c.o
RCC_RTCCLKCmd                                     ./Debug/driver_src_stm32f4xx_rcc.c.o
RCC_RTCCLKConfig                                  ./Debug/driver_src_stm32f4xx_rcc.c.o
RCC_SAIBlockACLKConfig                            ./Debug/driver_src_stm32f4xx_rcc.c.o
RCC_SAIBlockBCLKConfig                            ./Debug/driver_src_stm32f4xx_rcc.c.o
RCC_SAIPLLI2SClkDivConfig                         ./Debug/driver_src_stm32f4xx_rcc.c.o
RCC_SAIPLLSAIClkDivConfig                         ./Debug/driver_src_stm32f4xx_rcc.c.o
RCC_SYSCLKConfig                                  ./Debug/driver_src_stm32f4xx_rcc.c.o
RCC_TIMCLKPresConfig                              ./Debug/driver_src_stm32f4xx_rcc.c.o
RCC_WaitForHSEStartUp                             ./Debug/driver_src_stm32f4xx_rcc.c.o
SETPC                                             ./Debug/TinyTimber.c.o
SETSTACK                                          ./Debug/TinyTimber.c.o
SYSCFG_CompensationCellCmd                        ./Debug/driver_src_stm32f4xx_syscfg.c.o
SYSCFG_DeInit                                     ./Debug/driver_src_stm32f4xx_syscfg.c.o
SYSCFG_ETH_MediaInterfaceConfig                   ./Debug/driver_src_stm32f4xx_syscfg.c.o
SYSCFG_EXTILineConfig                             ./Debug/driver_src_stm32f4xx_syscfg.c.o
                                                  ./Debug/startup.c.o
SYSCFG_GetCompensationCellStatus                  ./Debug/driver_src_stm32f4xx_syscfg.c.o
SYSCFG_MemoryRemapConfig                          ./Debug/driver_src_stm32f4xx_syscfg.c.o
SYSCFG_MemorySwappingBank                         ./Debug/driver_src_stm32f4xx_syscfg.c.o
TIMER_INIT                                        ./Debug/TinyTimber.c.o
TIM_ARRPreloadConfig                              ./Debug/driver_src_stm32f4xx_tim.c.o
TIM_BDTRConfig                                    ./Debug/driver_src_stm32f4xx_tim.c.o
TIM_BDTRStructInit                                ./Debug/driver_src_stm32f4xx_tim.c.o
TIM_CCPreloadControl                              ./Debug/driver_src_stm32f4xx_tim.c.o
TIM_CCxCmd                                        ./Debug/driver_src_stm32f4xx_tim.c.o
TIM_CCxNCmd                                       ./Debug/driver_src_stm32f4xx_tim.c.o
TIM_ClearFlag                                     ./Debug/driver_src_stm32f4xx_tim.c.o
TIM_ClearITPendingBit                             ./Debug/driver_src_stm32f4xx_tim.c.o
                                                  ./Debug/TinyTimber.c.o
TIM_ClearOC1Ref                                   ./Debug/driver_src_stm32f4xx_tim.c.o
TIM_ClearOC2Ref                                   ./Debug/driver_src_stm32f4xx_tim.c.o
TIM_ClearOC3Ref                                   ./Debug/driver_src_stm32f4xx_tim.c.o
TIM_ClearOC4Ref                                   ./Debug/driver_src_stm32f4xx_tim.c.o
TIM_Cmd                                           ./Debug/driver_src_stm32f4xx_tim.c.o
                                                  ./Debug/TinyTimber.c.o
TIM_CounterModeConfig                             ./Debug/driver_src_stm32f4xx_tim.c.o
TIM_CtrlPWMOutputs                                ./Debug/driver_src_stm32f4xx_tim.c.o
TIM_DMACmd                                        ./Debug/driver_src_stm32f4xx_tim.c.o
TIM_DMAConfig                                     ./Debug/driver_src_stm32f4xx_tim.c.o
TIM_DeInit                                        ./Debug/driver_src_stm32f4xx_tim.c.o
                                                  ./Debug/TinyTimber.c.o
TIM_ETRClockMode1Config                           ./Debug/driver_src_stm32f4xx_tim.c.o
TIM_ETRClockMode2Config                           ./Debug/driver_src_stm32f4xx_tim.c.o
TIM_ETRConfig                                     ./Debug/driver_src_stm32f4xx_tim.c.o
TIM_EncoderInterfaceConfig                        ./Debug/driver_src_stm32f4xx_tim.c.o
TIM_ForcedOC1Config                               ./Debug/driver_src_stm32f4xx_tim.c.o
TIM_ForcedOC2Config                               ./Debug/driver_src_stm32f4xx_tim.c.o
TIM_ForcedOC3Config                               ./Debug/driver_src_stm32f4xx_tim.c.o
TIM_ForcedOC4Config                               ./Debug/driver_src_stm32f4xx_tim.c.o
TIM_GenerateEvent                                 ./Debug/driver_src_stm32f4xx_tim.c.o
TIM_GetCapture1                                   ./Debug/driver_src_stm32f4xx_tim.c.o
TIM_GetCapture2                                   ./Debug/driver_src_stm32f4xx_tim.c.o
TIM_GetCapture3                                   ./Debug/driver_src_stm32f4xx_tim.c.o
TIM_GetCapture4                                   ./Debug/driver_src_stm32f4xx_tim.c.o
TIM_GetCounter                                    ./Debug/driver_src_stm32f4xx_tim.c.o
                                                  ./Debug/TinyTimber.c.o
TIM_GetFlagStatus                                 ./Debug/driver_src_stm32f4xx_tim.c.o
TIM_GetITStatus                                   ./Debug/driver_src_stm32f4xx_tim.c.o
TIM_GetPrescaler                                  ./Debug/driver_src_stm32f4xx_tim.c.o
TIM_ICInit                                        ./Debug/driver_src_stm32f4xx_tim.c.o
TIM_ICStructInit                                  ./Debug/driver_src_stm32f4xx_tim.c.o
TIM_ITConfig                                      ./Debug/driver_src_stm32f4xx_tim.c.o
                                                  ./Debug/TinyTimber.c.o
TIM_ITRxExternalClockConfig                       ./Debug/driver_src_stm32f4xx_tim.c.o
TIM_InternalClockConfig                           ./Debug/driver_src_stm32f4xx_tim.c.o
TIM_OC1FastConfig                                 ./Debug/driver_src_stm32f4xx_tim.c.o
TIM_OC1Init                                       ./Debug/driver_src_stm32f4xx_tim.c.o
TIM_OC1NPolarityConfig                            ./Debug/driver_src_stm32f4xx_tim.c.o
TIM_OC1PolarityConfig                             ./Debug/driver_src_stm32f4xx_tim.c.o
TIM_OC1PreloadConfig                              ./Debug/driver_src_stm32f4xx_tim.c.o
TIM_OC2FastConfig                                 ./Debug/driver_src_stm32f4xx_tim.c.o
TIM_OC2Init                                       ./Debug/driver_src_stm32f4xx_tim.c.o
TIM_OC2NPolarityConfig                            ./Debug/driver_src_stm32f4xx_tim.c.o
TIM_OC2PolarityConfig                             ./Debug/driver_src_stm32f4xx_tim.c.o
TIM_OC2PreloadConfig                              ./Debug/driver_src_stm32f4xx_tim.c.o
TIM_OC3FastConfig                                 ./Debug/driver_src_stm32f4xx_tim.c.o
TIM_OC3Init                                       ./Debug/driver_src_stm32f4xx_tim.c.o
TIM_OC3NPolarityConfig                            ./Debug/driver_src_stm32f4xx_tim.c.o
TIM_OC3PolarityConfig                             ./Debug/driver_src_stm32f4xx_tim.c.o
TIM_OC3PreloadConfig                              ./Debug/driver_src_stm32f4xx_tim.c.o
TIM_OC4FastConfig                                 ./Debug/driver_src_stm32f4xx_tim.c.o
TIM_OC4Init                                       ./Debug/driver_src_stm32f4xx_tim.c.o
TIM_OC4PolarityConfig                             ./Debug/driver_src_stm32f4xx_tim.c.o
TIM_OC4PreloadConfig                              ./Debug/driver_src_stm32f4xx_tim.c.o
TIM_OCStructInit                                  ./Debug/driver_src_stm32f4xx_tim.c.o
TIM_PWMIConfig                                    ./Debug/driver_src_stm32f4xx_tim.c.o
TIM_PrescalerConfig                               ./Debug/driver_src_stm32f4xx_tim.c.o
TIM_RemapConfig                                   ./Debug/driver_src_stm32f4xx_tim.c.o
TIM_SelectCCDMA                                   ./Debug/driver_src_stm32f4xx_tim.c.o
TIM_SelectCOM                                     ./Debug/driver_src_stm32f4xx_tim.c.o
TIM_SelectHallSensor                              ./Debug/driver_src_stm32f4xx_tim.c.o
TIM_SelectInputTrigger                            ./Debug/driver_src_stm32f4xx_tim.c.o
TIM_SelectMasterSlaveMode                         ./Debug/driver_src_stm32f4xx_tim.c.o
TIM_SelectOCxM                                    ./Debug/driver_src_stm32f4xx_tim.c.o
TIM_SelectOnePulseMode                            ./Debug/driver_src_stm32f4xx_tim.c.o
TIM_SelectOutputTrigger                           ./Debug/driver_src_stm32f4xx_tim.c.o
TIM_SelectSlaveMode                               ./Debug/driver_src_stm32f4xx_tim.c.o
TIM_SetAutoreload                                 ./Debug/driver_src_stm32f4xx_tim.c.o
TIM_SetClockDivision                              ./Debug/driver_src_stm32f4xx_tim.c.o
TIM_SetCompare1                                   ./Debug/driver_src_stm32f4xx_tim.c.o
                                                  ./Debug/TinyTimber.c.o
TIM_SetCompare2                                   ./Debug/driver_src_stm32f4xx_tim.c.o
TIM_SetCompare3                                   ./Debug/driver_src_stm32f4xx_tim.c.o
TIM_SetCompare4                                   ./Debug/driver_src_stm32f4xx_tim.c.o
TIM_SetCounter                                    ./Debug/driver_src_stm32f4xx_tim.c.o
                                                  ./Debug/TinyTimber.c.o
TIM_SetIC1Prescaler                               ./Debug/driver_src_stm32f4xx_tim.c.o
TIM_SetIC2Prescaler                               ./Debug/driver_src_stm32f4xx_tim.c.o
TIM_SetIC3Prescaler                               ./Debug/driver_src_stm32f4xx_tim.c.o
TIM_SetIC4Prescaler                               ./Debug/driver_src_stm32f4xx_tim.c.o
TIM_TIxExternalClockConfig                        ./Debug/driver_src_stm32f4xx_tim.c.o
TIM_TimeBaseInit                                  ./Debug/driver_src_stm32f4xx_tim.c.o
                                                  ./Debug/TinyTimber.c.o
TIM_TimeBaseStructInit                            ./Debug/driver_src_stm32f4xx_tim.c.o
                                                  ./Debug/TinyTimber.c.o
TIM_UpdateDisableConfig                           ./Debug/driver_src_stm32f4xx_tim.c.o
TIM_UpdateRequestConfig                           ./Debug/driver_src_stm32f4xx_tim.c.o
T_RESET                                           ./Debug/TinyTimber.c.o
T_SAMPLE                                          ./Debug/TinyTimber.c.o
USART_ClearFlag                                   ./Debug/driver_src_stm32f4xx_usart.c.o
USART_ClearITPendingBit                           ./Debug/driver_src_stm32f4xx_usart.c.o
USART_ClockInit                                   ./Debug/driver_src_stm32f4xx_usart.c.o
USART_ClockStructInit                             ./Debug/driver_src_stm32f4xx_usart.c.o
USART_Cmd                                         ./Debug/driver_src_stm32f4xx_usart.c.o
USART_DMACmd                                      ./Debug/driver_src_stm32f4xx_usart.c.o
USART_DeInit                                      ./Debug/driver_src_stm32f4xx_usart.c.o
USART_GetFlagStatus                               ./Debug/driver_src_stm32f4xx_usart.c.o
                                                  ./Debug/sciTinyTimber.c.o
                                                  ./Debug/TinyTimber.c.o
USART_GetITStatus                                 ./Debug/driver_src_stm32f4xx_usart.c.o
USART_HalfDuplexCmd                               ./Debug/driver_src_stm32f4xx_usart.c.o
USART_ITConfig                                    ./Debug/driver_src_stm32f4xx_usart.c.o
                                                  ./Debug/sciTinyTimber.c.o
USART_Init                                        ./Debug/driver_src_stm32f4xx_usart.c.o
USART_IrDACmd                                     ./Debug/driver_src_stm32f4xx_usart.c.o
USART_IrDAConfig                                  ./Debug/driver_src_stm32f4xx_usart.c.o
USART_LINBreakDetectLengthConfig                  ./Debug/driver_src_stm32f4xx_usart.c.o
USART_LINCmd                                      ./Debug/driver_src_stm32f4xx_usart.c.o
USART_OneBitMethodCmd                             ./Debug/driver_src_stm32f4xx_usart.c.o
USART_OverSampling8Cmd                            ./Debug/driver_src_stm32f4xx_usart.c.o
USART_ReceiveData                                 ./Debug/driver_src_stm32f4xx_usart.c.o
                                                  ./Debug/sciTinyTimber.c.o
USART_ReceiverWakeUpCmd                           ./Debug/driver_src_stm32f4xx_usart.c.o
USART_SendBreak                                   ./Debug/driver_src_stm32f4xx_usart.c.o
USART_SendData                                    ./Debug/driver_src_stm32f4xx_usart.c.o
                                                  ./Debug/sciTinyTimber.c.o
                                                  ./Debug/TinyTimber.c.o
USART_SetAddress                                  ./Debug/driver_src_stm32f4xx_usart.c.o
USART_SetGuardTime                                ./Debug/driver_src_stm32f4xx_usart.c.o
USART_SetPrescaler                                ./Debug/driver_src_stm32f4xx_usart.c.o
USART_SmartCardCmd                                ./Debug/driver_src_stm32f4xx_usart.c.o
USART_SmartCardNACKCmd                            ./Debug/driver_src_stm32f4xx_usart.c.o
USART_StructInit                                  ./Debug/driver_src_stm32f4xx_usart.c.o
USART_WakeUpConfig                                ./Debug/driver_src_stm32f4xx_usart.c.o
__burst                                           ./Debug/reg_app.c.o
__heap_end                                        ./Debug/TinyTimber.c.o
__lock___arc4random_mutex                         c:/program files (x86)/gnu arm embedded toolchain/10 2021.10/bin/../lib/gcc/arm-none-eabi/10.3.1/../../../../arm-none-eabi/lib/thumb/v7e-m+fp/hard\libc_nano.a(lib_a-lock.o)
__lock___at_quick_exit_mutex                      c:/program files (x86)/gnu arm embedded toolchain/10 2021.10/bin/../lib/gcc/arm-none-eabi/10.3.1/../../../../arm-none-eabi/lib/thumb/v7e-m+fp/hard\libc_nano.a(lib_a-lock.o)
__lock___atexit_recursive_mutex                   c:/program files (x86)/gnu arm embedded toolchain/10 2021.10/bin/../lib/gcc/arm-none-eabi/10.3.1/../../../../arm-none-eabi/lib/thumb/v7e-m+fp/hard\libc_nano.a(lib_a-lock.o)
__lock___dd_hash_mutex                            c:/program files (x86)/gnu arm embedded toolchain/10 2021.10/bin/../lib/gcc/arm-none-eabi/10.3.1/../../../../arm-none-eabi/lib/thumb/v7e-m+fp/hard\libc_nano.a(lib_a-lock.o)
__lock___env_recursive_mutex                      c:/program files (x86)/gnu arm embedded toolchain/10 2021.10/bin/../lib/gcc/arm-none-eabi/10.3.1/../../../../arm-none-eabi/lib/thumb/v7e-m+fp/hard\libc_nano.a(lib_a-lock.o)
__lock___malloc_recursive_mutex                   c:/program files (x86)/gnu arm embedded toolchain/10 2021.10/bin/../lib/gcc/arm-none-eabi/10.3.1/../../../../arm-none-eabi/lib/thumb/v7e-m+fp/hard\libc_nano.a(lib_a-lock.o)
                                                  c:/program files (x86)/gnu arm embedded toolchain/10 2021.10/bin/../lib/gcc/arm-none-eabi/10.3.1/../../../../arm-none-eabi/lib/thumb/v7e-m+fp/hard\libc_nano.a(lib_a-mlock.o)
__lock___sfp_recursive_mutex                      c:/program files (x86)/gnu arm embedded toolchain/10 2021.10/bin/../lib/gcc/arm-none-eabi/10.3.1/../../../../arm-none-eabi/lib/thumb/v7e-m+fp/hard\libc_nano.a(lib_a-lock.o)
__lock___sinit_recursive_mutex                    c:/program files (x86)/gnu arm embedded toolchain/10 2021.10/bin/../lib/gcc/arm-none-eabi/10.3.1/../../../../arm-none-eabi/lib/thumb/v7e-m+fp/hard\libc_nano.a(lib_a-lock.o)
__lock___tz_mutex                                 c:/program files (x86)/gnu arm embedded toolchain/10 2021.10/bin/../lib/gcc/arm-none-eabi/10.3.1/../../../../arm-none-eabi/lib/thumb/v7e-m+fp/hard\libc_nano.a(lib_a-lock.o)
__malloc_free_list                                c:/program files (x86)/gnu arm embedded toolchain/10 2021.10/bin/../lib/gcc/arm-none-eabi/10.3.1/../../../../arm-none-eabi/lib/thumb/v7e-m+fp/hard\libc_nano.a(lib_a-nano-mallocr.o)
                                                  c:/program files (x86)/gnu arm embedded toolchain/10 2021.10/bin/../lib/gcc/arm-none-eabi/10.3.1/../../../../arm-none-eabi/lib/thumb/v7e-m+fp/hard\libc_nano.a(lib_a-nano-freer.o)
__malloc_lock                                     c:/program files (x86)/gnu arm embedded toolchain/10 2021.10/bin/../lib/gcc/arm-none-eabi/10.3.1/../../../../arm-none-eabi/lib/thumb/v7e-m+fp/hard\libc_nano.a(lib_a-mlock.o)
                                                  c:/program files (x86)/gnu arm embedded toolchain/10 2021.10/bin/../lib/gcc/arm-none-eabi/10.3.1/../../../../arm-none-eabi/lib/thumb/v7e-m+fp/hard\libc_nano.a(lib_a-nano-mallocr.o)
                                                  c:/program files (x86)/gnu arm embedded toolchain/10 2021.10/bin/../lib/gcc/arm-none-eabi/10.3.1/../../../../arm-none-eabi/lib/thumb/v7e-m+fp/hard\libc_nano.a(lib_a-nano-freer.o)
__malloc_sbrk_start                               c:/program files (x86)/gnu arm embedded toolchain/10 2021.10/bin/../lib/gcc/arm-none-eabi/10.3.1/../../../../arm-none-eabi/lib/thumb/v7e-m+fp/hard\libc_nano.a(lib_a-nano-mallocr.o)
__malloc_unlock                                   c:/program files (x86)/gnu arm embedded toolchain/10 2021.10/bin/../lib/gcc/arm-none-eabi/10.3.1/../../../../arm-none-eabi/lib/thumb/v7e-m+fp/hard\libc_nano.a(lib_a-mlock.o)
                                                  c:/program files (x86)/gnu arm embedded toolchain/10 2021.10/bin/../lib/gcc/arm-none-eabi/10.3.1/../../../../arm-none-eabi/lib/thumb/v7e-m+fp/hard\libc_nano.a(lib_a-nano-mallocr.o)